<html>
  <head>
    <title>
      cycle-1
    </title>
    <link rel="stylesheet" href="reset.css">
    </link>
    <link rel="stylesheet" href="code-structure.css">
    </link>
  </head>
  <body>
    <h1>
      cycle-1
    </h1>
    <p>
      <a href="index.html">
        Table Of Contents
      </a>
    </p>
    <p>
      <a href="cycles.html">
        Cycles
      </a>
    </p>
    <div>
      ---replace--with--cycle-1.svg---
    </div>
  </body>
</html>
