<html>
  <head>
    <title>
      Cycles
    </title>
    <link rel="stylesheet" href="reset.css">
    </link>
    <link rel="stylesheet" href="code-structure.css">
    </link>
  </head>
  <body>
    <h1>
      Cycles
    </h1>
    <p>
      <a href="index.html">
        Table Of Contents
      </a>
    </p>
    <p>
      cycle count: 2
    </p>
    <a href="#cycle-0">
      cycle-0
    </a>
    <a href="#cycle-1">
      cycle-1
    </a>
    <h2 id="cycle-0">
      <a href="cycle-0.html">
        cycle-0
      </a>
    </h2>
    <p>
      part count: 5
    </p>
    <p>
      cycle count: 5
    </p>
    <div class="big-list">
      <a href="local-packagec.ClassD.html">
        packagec.ClassD
      </a>
      <a href="local-packagee.packagef.ClassL.html">
        packagee.packagef.ClassL
      </a>
      <a href="local-packagee.packagef.ClassM.html">
        packagee.packagef.ClassM
      </a>
      <a href="local-packagee.packagef.ClassN.html">
        packagee.packagef.ClassN
      </a>
      <a href="local-packageg.ClassH.html">
        packageg.ClassH
      </a>
    </div>
    <h2 id="cycle-1">
      <a href="cycle-1.html">
        cycle-1
      </a>
    </h2>
    <p>
      part count: 3
    </p>
    <p>
      cycle count: 3
    </p>
    <div class="big-list">
      <a href="local-packagei.ClassJ.html">
        packagei.ClassJ
      </a>
      <a href="local-packagep.ClassQ.html">
        packagep.ClassQ
      </a>
      <a href="local-packager.ClassS.html">
        packager.ClassS
      </a>
    </div>
  </body>
</html>
