<html>
  <head>
    <title>
      local-packagea.ClassB
    </title>
    <link rel="stylesheet" href="reset.css">
    </link>
    <link rel="stylesheet" href="code-structure.css">
    </link>
  </head>
  <body>
    <h1>
      local-packagea.ClassB
    </h1>
    <p>
      <a href="index.html">
        Table Of Contents
      </a>
    </p>
    <p>
      <a href="local.html">
        Local
      </a>
    </p>
    <div>
      ---replace--with--local-packagea.ClassB.svg---
    </div>
  </body>
</html>
