digraph detangled {
  bgcolor=lightgray
  "ClassH" [label="ClassH"]
}
