<html>
  <head>
    <title>
      group
    </title>
    <link rel="stylesheet" href="reset.css">
    </link>
    <link rel="stylesheet" href="code-structure.css">
    </link>
  </head>
  <body>
    <h1>
      group
    </h1>
    <p>
      <a href="index.html">
        Table Of Contents
      </a>
    </p>
    <div>
      <?xml version="1.0" encoding="UTF-8" standalone="no"?>
<!DOCTYPE svg PUBLIC "-//W3C//DTD SVG 1.1//EN"
 "http://www.w3.org/Graphics/SVG/1.1/DTD/svg11.dtd">
<!-- Generated by graphviz version 12.2.1 (20241206.2353)
 -->
<!-- Title: detangled Pages: 1 -->
<svg width="335pt" height="548pt"
 viewBox="0.00 0.00 334.51 548.00" xmlns="http://www.w3.org/2000/svg" xmlns:xlink="http://www.w3.org/1999/xlink">
<g id="graph0" class="graph" transform="scale(1 1) rotate(0) translate(4 544)">
<title>detangled</title>
<polygon fill="lightgray" stroke="none" points="-4,4 -4,-544 330.51,-544 330.51,4 -4,4"/>
<g id="clust1" class="cluster">
<title>cluster_0</title>
<polygon fill="lightgray" stroke="Red" stroke-width="2" points="91,-280 91,-476 245,-476 245,-280 91,-280"/>
</g>
<g id="clust2" class="cluster">
<title>cluster_1</title>
<polygon fill="lightgray" stroke="Red" stroke-width="2" points="80,-64 80,-260 234,-260 234,-64 80,-64"/>
</g>
<!-- ClassE -->
<g id="node1" class="node">
<title>ClassE</title>
<ellipse fill="none" stroke="black" cx="290" cy="-306" rx="36.51" ry="18"/>
<text text-anchor="middle" x="290" y="-300.95" font-family="Times,serif" font-size="14.00">ClassE</text>
</g>
<!-- ClassP -->
<g id="node2" class="node">
<title>ClassP</title>
<ellipse fill="none" stroke="black" cx="36" cy="-234" rx="36" ry="18"/>
<text text-anchor="middle" x="36" y="-228.95" font-family="Times,serif" font-size="14.00">ClassP</text>
</g>
<!-- packagep -->
<g id="node8" class="node">
<title>packagep</title>
<g id="a_node8"><a xlink:href="group-packagep.html" xlink:title="packagep (1)">
<ellipse fill="none" stroke="black" cx="147" cy="-162" rx="59.03" ry="18"/>
<text text-anchor="middle" x="147" y="-156.95" font-family="Times,serif" font-size="14.00" fill="blue">packagep (1)</text>
</a>
</g>
</g>
<!-- ClassP&#45;&gt;packagep -->
<g id="edge1" class="edge">
<title>ClassP&#45;&gt;packagep</title>
<path fill="none" stroke="black" d="M57.66,-219.34C73.31,-209.47 94.77,-195.94 112.73,-184.61"/>
<polygon fill="black" stroke="black" points="114.42,-187.68 121.01,-179.39 110.68,-181.76 114.42,-187.68"/>
</g>
<!-- packagea -->
<g id="node3" class="node">
<title>packagea</title>
<g id="a_node3"><a xlink:href="group-packagea.html" xlink:title="packagea (1)">
<ellipse fill="none" stroke="black" cx="168" cy="-522" rx="58.52" ry="18"/>
<text text-anchor="middle" x="168" y="-516.95" font-family="Times,serif" font-size="14.00" fill="blue">packagea (1)</text>
</a>
</g>
</g>
<!-- packagec -->
<g id="node4" class="node">
<title>packagec</title>
<g id="a_node4"><a xlink:href="group-packagec.html" xlink:title="packagec (1)">
<ellipse fill="none" stroke="black" cx="168" cy="-450" rx="58.52" ry="18"/>
<text text-anchor="middle" x="168" y="-444.95" font-family="Times,serif" font-size="14.00" fill="blue">packagec (1)</text>
</a>
</g>
</g>
<!-- packagea&#45;&gt;packagec -->
<g id="edge2" class="edge">
<title>packagea&#45;&gt;packagec</title>
<path fill="none" stroke="black" d="M168,-503.7C168,-496.41 168,-487.73 168,-479.54"/>
<polygon fill="black" stroke="black" points="171.5,-479.62 168,-469.62 164.5,-479.62 171.5,-479.62"/>
</g>
<!-- packagee -->
<g id="node5" class="node">
<title>packagee</title>
<g id="a_node5"><a xlink:href="group-packagee.html" xlink:title="packagee (6)">
<ellipse fill="none" stroke="black" cx="178" cy="-378" rx="58.52" ry="18"/>
<text text-anchor="middle" x="178" y="-372.95" font-family="Times,serif" font-size="14.00" fill="blue">packagee (6)</text>
</a>
</g>
</g>
<!-- packagec&#45;&gt;packagee -->
<g id="edge6" class="edge">
<title>packagec&#45;&gt;packagee</title>
<path fill="none" stroke="black" d="M170.47,-431.7C171.52,-424.32 172.78,-415.52 173.96,-407.25"/>
<polygon fill="black" stroke="black" points="177.39,-408 175.34,-397.6 170.46,-407.01 177.39,-408"/>
</g>
<!-- packagee&#45;&gt;ClassE -->
<g id="edge3" class="edge">
<title>packagee&#45;&gt;ClassE</title>
<path fill="none" stroke="black" d="M203.13,-361.29C219.41,-351.11 240.76,-337.77 258.21,-326.86"/>
<polygon fill="black" stroke="black" points="260.07,-329.83 266.69,-321.57 256.36,-323.9 260.07,-329.83"/>
</g>
<!-- packageg -->
<g id="node6" class="node">
<title>packageg</title>
<g id="a_node6"><a xlink:href="group-packageg.html" xlink:title="packageg (1)">
<ellipse fill="none" stroke="black" cx="158" cy="-306" rx="59.03" ry="18"/>
<text text-anchor="middle" x="158" y="-300.95" font-family="Times,serif" font-size="14.00" fill="blue">packageg (1)</text>
</a>
</g>
</g>
<!-- packagee&#45;&gt;packageg -->
<g id="edge7" class="edge">
<title>packagee&#45;&gt;packageg</title>
<path fill="none" stroke="black" d="M173.05,-359.7C170.92,-352.24 168.37,-343.32 165.99,-334.97"/>
<polygon fill="black" stroke="black" points="169.41,-334.21 163.3,-325.56 162.68,-336.14 169.41,-334.21"/>
</g>
<!-- packageg&#45;&gt;packagec -->
<g id="edge8" class="edge">
<title>packageg&#45;&gt;packagec</title>
<path fill="none" stroke="black" d="M137.29,-323.29C126.97,-332.75 115.53,-345.64 110,-360 104.24,-374.93 103.54,-381.36 110,-396 115.18,-407.75 124.4,-418.03 133.98,-426.33"/>
<polygon fill="black" stroke="black" points="131.61,-428.91 141.6,-432.43 135.98,-423.45 131.61,-428.91"/>
</g>
<!-- packagei -->
<g id="node7" class="node">
<title>packagei</title>
<g id="a_node7"><a xlink:href="group-packagei.html" xlink:title="packagei (1)">
<ellipse fill="none" stroke="black" cx="158" cy="-234" rx="56.98" ry="18"/>
<text text-anchor="middle" x="158" y="-228.95" font-family="Times,serif" font-size="14.00" fill="blue">packagei (1)</text>
</a>
</g>
</g>
<!-- packageg&#45;&gt;packagei -->
<g id="edge4" class="edge">
<title>packageg&#45;&gt;packagei</title>
<path fill="none" stroke="black" d="M158,-287.7C158,-280.41 158,-271.73 158,-263.54"/>
<polygon fill="black" stroke="black" points="161.5,-263.62 158,-253.62 154.5,-263.62 161.5,-263.62"/>
</g>
<!-- packagei&#45;&gt;packagep -->
<g id="edge9" class="edge">
<title>packagei&#45;&gt;packagep</title>
<path fill="none" stroke="black" d="M155.28,-215.7C154.12,-208.32 152.74,-199.52 151.44,-191.25"/>
<polygon fill="black" stroke="black" points="154.93,-190.93 149.92,-181.6 148.01,-192.02 154.93,-190.93"/>
</g>
<!-- packager -->
<g id="node9" class="node">
<title>packager</title>
<g id="a_node9"><a xlink:href="group-packager.html" xlink:title="packager (1)">
<ellipse fill="none" stroke="black" cx="158" cy="-90" rx="57.49" ry="18"/>
<text text-anchor="middle" x="158" y="-84.95" font-family="Times,serif" font-size="14.00" fill="blue">packager (1)</text>
</a>
</g>
</g>
<!-- packagep&#45;&gt;packager -->
<g id="edge10" class="edge">
<title>packagep&#45;&gt;packager</title>
<path fill="none" stroke="black" d="M149.72,-143.7C150.88,-136.32 152.26,-127.52 153.56,-119.25"/>
<polygon fill="black" stroke="black" points="156.98,-120.02 155.07,-109.6 150.06,-118.93 156.98,-120.02"/>
</g>
<!-- packager&#45;&gt;packagei -->
<g id="edge11" class="edge">
<title>packager&#45;&gt;packagei</title>
<path fill="none" stroke="black" d="M182.79,-106.71C194.94,-115.93 208.36,-128.76 215,-144 221.39,-158.67 221.39,-165.33 215,-180 209.87,-191.76 200.71,-202.09 191.21,-210.43"/>
<polygon fill="black" stroke="black" points="189.22,-207.53 183.67,-216.56 193.64,-212.96 189.22,-207.53"/>
</g>
<!-- packaget -->
<g id="node10" class="node">
<title>packaget</title>
<g id="a_node10"><a xlink:href="group-packaget.html" xlink:title="packaget (1)">
<ellipse fill="none" stroke="black" cx="158" cy="-18" rx="56.98" ry="18"/>
<text text-anchor="middle" x="158" y="-12.95" font-family="Times,serif" font-size="14.00" fill="blue">packaget (1)</text>
</a>
</g>
</g>
<!-- packager&#45;&gt;packaget -->
<g id="edge5" class="edge">
<title>packager&#45;&gt;packaget</title>
<path fill="none" stroke="black" d="M158,-71.7C158,-64.41 158,-55.73 158,-47.54"/>
<polygon fill="black" stroke="black" points="161.5,-47.62 158,-37.62 154.5,-47.62 161.5,-47.62"/>
</g>
</g>
</svg>

    </div>
    <p>
      dependency reasons count: 11
    </p>
    <table>
      <thead>
        <tr>
          <th>
            dependency
          </th>
          <th>
            reason
          </th>
        </tr>
      </thead>
      <tbody>
        <tr>
          <td>
            ClassP -> packagep
          </td>
          <td>
            ClassP -> packagep.ClassQ
          </td>
        </tr>
        <tr>
          <td>
            packagea -> packagec
          </td>
          <td>
            packagea.ClassB -> packagec.ClassD
          </td>
        </tr>
        <tr>
          <td>
            packagec -> packagee
          </td>
          <td>
            packagec.ClassD -> packagee.packagef.ClassL
          </td>
        </tr>
        <tr>
          <td>
            packagee -> ClassE
          </td>
          <td>
            packagee.packagef.ClassM -> ClassE
          </td>
        </tr>
        <tr>
          <td>
            packagee -> packageg
          </td>
          <td>
            packagee.packagef.ClassN -> packageg.ClassH
          </td>
        </tr>
        <tr>
          <td>
            packageg -> packagec
          </td>
          <td>
            packageg.ClassH -> packagec.ClassD
          </td>
        </tr>
        <tr>
          <td>
            packageg -> packagei
          </td>
          <td>
            packageg.ClassH -> packagei.ClassJ
          </td>
        </tr>
        <tr>
          <td>
            packagei -> packagep
          </td>
          <td>
            packagei.ClassJ -> packagep.ClassQ
          </td>
        </tr>
        <tr>
          <td>
            packagep -> packager
          </td>
          <td>
            packagep.ClassQ -> packager.ClassS
          </td>
        </tr>
        <tr>
          <td>
            packager -> packagei
          </td>
          <td>
            packager.ClassS -> packagei.ClassJ
          </td>
        </tr>
        <tr>
          <td>
            packager -> packaget
          </td>
          <td>
            packager.ClassS -> packaget.ClassU
          </td>
        </tr>
      </tbody>
    </table>
  </body>
</html>
