<html>
  <head>
    <title>
      local-packager-ClassS
    </title>
    <link rel="stylesheet" href="reset.css">
    </link>
    <link rel="stylesheet" href="code-structure.css">
    </link>
  </head>
  <body>
    <h1>
      local-packager-ClassS
    </h1>
    <p>
      <a href="index.html">
        Table Of Contents
      </a>
    </p>
    <p>
      <a href="group.html">
        Group
      </a>
    </p>
    <p>
      <a href="group-packager.html">
        Group packager
      </a>
    </p>
    <p>
      <a href="code-units.html">
        Code Units
      </a>
    </p>
    <p>
      <a href="https://github.com/SeanShubin/code-structure-sample-kotlin/blob/master/domain/src/main/kotlin/com/seanshubin/code/structure/sample/kotlin/domain/packager/ClassS.kt">
        Source
      </a>
    </p>
    <div>
      <?xml version="1.0" encoding="UTF-8" standalone="no"?>
<!DOCTYPE svg PUBLIC "-//W3C//DTD SVG 1.1//EN"
 "http://www.w3.org/Graphics/SVG/1.1/DTD/svg11.dtd">
<!-- Generated by graphviz version 12.1.2 (20240928.0832)
 -->
<!-- Title: detangled Pages: 1 -->
<svg width="411pt" height="260pt"
 viewBox="0.00 0.00 411.06 260.00" xmlns="http://www.w3.org/2000/svg" xmlns:xlink="http://www.w3.org/1999/xlink">
<g id="graph0" class="graph" transform="scale(1 1) rotate(0) translate(4 256)">
<title>detangled</title>
<polygon fill="lightgray" stroke="none" points="-4,4 -4,-256 407.06,-256 407.06,4 -4,4"/>
<!-- ClassP -->
<g id="node1" class="node">
<title>ClassP</title>
<g id="a_node1"><a xlink:href="local-ClassP.html" xlink:title="ClassP">
<ellipse fill="none" stroke="black" cx="149.24" cy="-234" rx="36" ry="18"/>
<text text-anchor="middle" x="149.24" y="-228.95" font-family="Times,serif" font-size="14.00" fill="blue">ClassP</text>
</a>
</g>
</g>
<!-- packagep.ClassQ -->
<g id="node4" class="node">
<title>packagep.ClassQ</title>
<g id="a_node4"><a xlink:href="local-packagep-ClassQ.html" xlink:title="↻ packagep.ClassQ ↻ (3)">
<ellipse fill="none" stroke="black" cx="149.24" cy="-162" rx="107.5" ry="18"/>
<text text-anchor="middle" x="149.24" y="-157.32" font-family="Times,serif" font-size="14.00" fill="blue">↻ packagep.ClassQ ↻ (3)</text>
</a>
</g>
</g>
<!-- ClassP&#45;&gt;packagep.ClassQ -->
<g id="edge1" class="edge">
<title>ClassP&#45;&gt;packagep.ClassQ</title>
<path fill="none" stroke="black" d="M149.24,-215.7C149.24,-208.41 149.24,-199.73 149.24,-191.54"/>
<polygon fill="black" stroke="black" points="152.74,-191.62 149.24,-181.62 145.74,-191.62 152.74,-191.62"/>
</g>
<!-- packageg.ClassH -->
<g id="node2" class="node">
<title>packageg.ClassH</title>
<g id="a_node2"><a xlink:href="local-packageg-ClassH.html" xlink:title="packageg.ClassH">
<ellipse fill="none" stroke="black" cx="102.24" cy="-90" rx="74.89" ry="18"/>
<text text-anchor="middle" x="102.24" y="-84.95" font-family="Times,serif" font-size="14.00" fill="blue">packageg.ClassH</text>
</a>
</g>
</g>
<!-- packagei.ClassJ -->
<g id="node3" class="node">
<title>packagei.ClassJ</title>
<g id="a_node3"><a xlink:href="local-packagei-ClassJ.html" xlink:title="↻ packagei.ClassJ ↻ (3)">
<ellipse fill="none" stroke="black" cx="102.24" cy="-18" rx="102.24" ry="18"/>
<text text-anchor="middle" x="102.24" y="-13.32" font-family="Times,serif" font-size="14.00" fill="blue">↻ packagei.ClassJ ↻ (3)</text>
</a>
</g>
</g>
<!-- packageg.ClassH&#45;&gt;packagei.ClassJ -->
<g id="edge2" class="edge">
<title>packageg.ClassH&#45;&gt;packagei.ClassJ</title>
<path fill="none" stroke="black" d="M102.24,-71.7C102.24,-64.41 102.24,-55.73 102.24,-47.54"/>
<polygon fill="black" stroke="black" points="105.74,-47.62 102.24,-37.62 98.74,-47.62 105.74,-47.62"/>
</g>
<!-- packagei.ClassJ&#45;&gt;packagep.ClassQ -->
<g id="edge3" class="edge">
<title>packagei.ClassJ&#45;&gt;packagep.ClassQ</title>
<path fill="none" stroke="black" d="M60.38,-34.85C44.2,-43.27 27.4,-55.39 18.24,-72 10.51,-86.01 9.3,-94.73 18.24,-108 29.7,-124.99 47.62,-136.54 66.58,-144.38"/>
<polygon fill="black" stroke="black" points="65.17,-147.59 75.76,-147.84 67.64,-141.04 65.17,-147.59"/>
</g>
<!-- packager.ClassS -->
<g id="node5" class="node">
<title>packager.ClassS</title>
<g id="a_node5"><a xlink:href="local-packager-ClassS.html" xlink:title="↻ packager.ClassS ↻ (3)">
<ellipse fill="none" stroke="black" stroke-width="2" cx="299.24" cy="-90" rx="103.82" ry="18"/>
<text text-anchor="middle" x="299.24" y="-85.33" font-family="Times,serif" font-size="14.00" fill="blue">↻ packager.ClassS ↻ (3)</text>
</a>
</g>
</g>
<!-- packagep.ClassQ&#45;&gt;packager.ClassS -->
<g id="edge4" class="edge">
<title>packagep.ClassQ&#45;&gt;packager.ClassS</title>
<path fill="none" stroke="black" d="M184.41,-144.59C205.19,-134.89 231.72,-122.51 254.04,-112.09"/>
<polygon fill="black" stroke="black" points="255.34,-115.35 262.92,-107.95 252.38,-109.01 255.34,-115.35"/>
</g>
<!-- packager.ClassS&#45;&gt;packagei.ClassJ -->
<g id="edge5" class="edge">
<title>packager.ClassS&#45;&gt;packagei.ClassJ</title>
<path fill="none" stroke="black" d="M255.03,-73.29C226.01,-62.98 187.84,-49.42 156.91,-38.43"/>
<polygon fill="black" stroke="black" points="158.32,-35.21 147.73,-35.16 155.98,-41.81 158.32,-35.21"/>
</g>
<!-- packaget.ClassU -->
<g id="node6" class="node">
<title>packaget.ClassU</title>
<g id="a_node6"><a xlink:href="local-packaget-ClassU.html" xlink:title="packaget.ClassU">
<ellipse fill="none" stroke="black" cx="299.24" cy="-18" rx="72.85" ry="18"/>
<text text-anchor="middle" x="299.24" y="-12.95" font-family="Times,serif" font-size="14.00" fill="blue">packaget.ClassU</text>
</a>
</g>
</g>
<!-- packager.ClassS&#45;&gt;packaget.ClassU -->
<g id="edge6" class="edge">
<title>packager.ClassS&#45;&gt;packaget.ClassU</title>
<path fill="none" stroke="black" d="M299.24,-71.7C299.24,-64.41 299.24,-55.73 299.24,-47.54"/>
<polygon fill="black" stroke="black" points="302.74,-47.62 299.24,-37.62 295.74,-47.62 302.74,-47.62"/>
</g>
</g>
</svg>

    </div>
  </body>
</html>
