<html>
  <head>
    <title>
      Sources
    </title>
    <link rel="stylesheet" href="reset.css">
    </link>
    <link rel="stylesheet" href="code-structure.css">
    </link>
  </head>
  <body>
    <h1>
      Sources
    </h1>
    <p>
      <a href="index.html">
        Table Of Contents
      </a>
    </p>
    <p>
      source count: 14
    </p>
    <table>
      <thead>
        <tr>
          <th>
            location
          </th>
          <th>
            name
          </th>
        </tr>
      </thead>
      <tbody>
        <tr>
          <td>
            <a href="https://github.com/SeanShubin/code-structure-sample-kotlin/blob/master/domain/src/main/kotlin/com/seanshubin/code/structure/sample/kotlin/domain/ClassE.kt">
              domain/src/main/kotlin/com/seanshubin/code/structure/sample/kotlin/domain/ClassE.kt
            </a>
          </td>
          <td>
            com.seanshubin.code.structure.sample.kotlin.domain.ClassE
          </td>
        </tr>
        <tr>
          <td>
            <a href="https://github.com/SeanShubin/code-structure-sample-kotlin/blob/master/domain/src/main/kotlin/com/seanshubin/code/structure/sample/kotlin/domain/ClassP.kt">
              domain/src/main/kotlin/com/seanshubin/code/structure/sample/kotlin/domain/ClassP.kt
            </a>
          </td>
          <td>
            com.seanshubin.code.structure.sample.kotlin.domain.ClassP
          </td>
        </tr>
        <tr>
          <td>
            <a href="https://github.com/SeanShubin/code-structure-sample-kotlin/blob/master/domain/src/main/kotlin/com/seanshubin/code/structure/sample/kotlin/domain/packagea/ClassB.kt">
              domain/src/main/kotlin/com/seanshubin/code/structure/sample/kotlin/domain/packagea/ClassB.kt
            </a>
          </td>
          <td>
            com.seanshubin.code.structure.sample.kotlin.domain.packagea.ClassB
          </td>
        </tr>
        <tr>
          <td>
            <a href="https://github.com/SeanShubin/code-structure-sample-kotlin/blob/master/domain/src/main/kotlin/com/seanshubin/code/structure/sample/kotlin/domain/packagec/ClassD.kt">
              domain/src/main/kotlin/com/seanshubin/code/structure/sample/kotlin/domain/packagec/ClassD.kt
            </a>
          </td>
          <td>
            com.seanshubin.code.structure.sample.kotlin.domain.packagec.ClassD
          </td>
        </tr>
        <tr>
          <td>
            <a href="https://github.com/SeanShubin/code-structure-sample-kotlin/blob/master/domain/src/main/kotlin/com/seanshubin/code/structure/sample/kotlin/domain/packagee/packagef/ClassK.kt">
              domain/src/main/kotlin/com/seanshubin/code/structure/sample/kotlin/domain/packagee/packagef/ClassK.kt
            </a>
          </td>
          <td>
            com.seanshubin.code.structure.sample.kotlin.domain.packagee.packagef.ClassK
          </td>
        </tr>
        <tr>
          <td>
            <a href="https://github.com/SeanShubin/code-structure-sample-kotlin/blob/master/domain/src/main/kotlin/com/seanshubin/code/structure/sample/kotlin/domain/packagee/packagef/ClassL.kt">
              domain/src/main/kotlin/com/seanshubin/code/structure/sample/kotlin/domain/packagee/packagef/ClassL.kt
            </a>
          </td>
          <td>
            com.seanshubin.code.structure.sample.kotlin.domain.packagee.packagef.ClassL
          </td>
        </tr>
        <tr>
          <td>
            <a href="https://github.com/SeanShubin/code-structure-sample-kotlin/blob/master/domain/src/main/kotlin/com/seanshubin/code/structure/sample/kotlin/domain/packagee/packagef/ClassM.kt">
              domain/src/main/kotlin/com/seanshubin/code/structure/sample/kotlin/domain/packagee/packagef/ClassM.kt
            </a>
          </td>
          <td>
            com.seanshubin.code.structure.sample.kotlin.domain.packagee.packagef.ClassM
          </td>
        </tr>
        <tr>
          <td>
            <a href="https://github.com/SeanShubin/code-structure-sample-kotlin/blob/master/domain/src/main/kotlin/com/seanshubin/code/structure/sample/kotlin/domain/packagee/packagef/ClassN.kt">
              domain/src/main/kotlin/com/seanshubin/code/structure/sample/kotlin/domain/packagee/packagef/ClassN.kt
            </a>
          </td>
          <td>
            com.seanshubin.code.structure.sample.kotlin.domain.packagee.packagef.ClassN
          </td>
        </tr>
        <tr>
          <td>
            <a href="https://github.com/SeanShubin/code-structure-sample-kotlin/blob/master/domain/src/main/kotlin/com/seanshubin/code/structure/sample/kotlin/domain/packagee/packagef/ClassO.kt">
              domain/src/main/kotlin/com/seanshubin/code/structure/sample/kotlin/domain/packagee/packagef/ClassO.kt
            </a>
          </td>
          <td>
            com.seanshubin.code.structure.sample.kotlin.domain.packagee.packagef.ClassO
          </td>
        </tr>
        <tr>
          <td>
            <a href="https://github.com/SeanShubin/code-structure-sample-kotlin/blob/master/domain/src/main/kotlin/com/seanshubin/code/structure/sample/kotlin/domain/packageg/ClassH.kt">
              domain/src/main/kotlin/com/seanshubin/code/structure/sample/kotlin/domain/packageg/ClassH.kt
            </a>
          </td>
          <td>
            com.seanshubin.code.structure.sample.kotlin.domain.packageg.ClassH
          </td>
        </tr>
        <tr>
          <td>
            <a href="https://github.com/SeanShubin/code-structure-sample-kotlin/blob/master/domain/src/main/kotlin/com/seanshubin/code/structure/sample/kotlin/domain/packagei/ClassJ.kt">
              domain/src/main/kotlin/com/seanshubin/code/structure/sample/kotlin/domain/packagei/ClassJ.kt
            </a>
          </td>
          <td>
            com.seanshubin.code.structure.sample.kotlin.domain.packagei.ClassJ
          </td>
        </tr>
        <tr>
          <td>
            <a href="https://github.com/SeanShubin/code-structure-sample-kotlin/blob/master/domain/src/main/kotlin/com/seanshubin/code/structure/sample/kotlin/domain/packagep/ClassQ.kt">
              domain/src/main/kotlin/com/seanshubin/code/structure/sample/kotlin/domain/packagep/ClassQ.kt
            </a>
          </td>
          <td>
            com.seanshubin.code.structure.sample.kotlin.domain.packagep.ClassQ
          </td>
        </tr>
        <tr>
          <td>
            <a href="https://github.com/SeanShubin/code-structure-sample-kotlin/blob/master/domain/src/main/kotlin/com/seanshubin/code/structure/sample/kotlin/domain/packager/ClassS.kt">
              domain/src/main/kotlin/com/seanshubin/code/structure/sample/kotlin/domain/packager/ClassS.kt
            </a>
          </td>
          <td>
            com.seanshubin.code.structure.sample.kotlin.domain.packager.ClassS
          </td>
        </tr>
        <tr>
          <td>
            <a href="https://github.com/SeanShubin/code-structure-sample-kotlin/blob/master/domain/src/main/kotlin/com/seanshubin/code/structure/sample/kotlin/domain/packaget/ClassU.kt">
              domain/src/main/kotlin/com/seanshubin/code/structure/sample/kotlin/domain/packaget/ClassU.kt
            </a>
          </td>
          <td>
            com.seanshubin.code.structure.sample.kotlin.domain.packaget.ClassU
          </td>
        </tr>
      </tbody>
    </table>
  </body>
</html>
