<html>
  <head>
    <title>
      Entry Points
    </title>
    <link rel="stylesheet" href="reset.css">
    </link>
    <link rel="stylesheet" href="code-structure.css">
    </link>
  </head>
  <body>
    <h1>
      Entry Points
    </h1>
    <p>
      <a href="index.html">
        Table Of Contents
      </a>
    </p>
    <p>
      entry point count: 3
    </p>
    <div class="column-1">
      <a href="local-ModuleP.html">
        ModuleP
      </a>
      <a href="local-PathA-ModuleB.html">
        PathA.ModuleB
      </a>
      <a href="local-PathE-PathF-ModuleK.html">
        PathE.PathF.ModuleK
      </a>
    </div>
  </body>
</html>
