digraph detangled {
  bgcolor=lightgray
  "ModuleD" [label="ModuleD"]
}
