<html>
  <head>
    <title>
      Group Cycles
    </title>
    <link rel="stylesheet" href="reset.css">
    </link>
    <link rel="stylesheet" href="code-structure.css">
    </link>
  </head>
  <body>
    <h1>
      Group Cycles
    </h1>
    <p>
      <a href="index.html">
        Table Of Contents
      </a>
    </p>
    <p>
      cycle count: 3
    </p>
    <a href="#group-cycle-0">
      group-cycle-0
    </a>
    <a href="#group-cycle-1">
      group-cycle-1
    </a>
    <a href="#group-cycle-2">
      group-cycle-2
    </a>
    <h2 id="group-cycle-0">
      <a href="group-cycle-0.html">
        group-cycle-0
      </a>
    </h2>
    <p>
      <a href="group.html">
        group: []
      </a>
    </p>
    <p>
      part count: 3
    </p>
    <div class="column-1">
      <span>
        PathC
      </span>
      <span>
        PathE
      </span>
      <span>
        PathG
      </span>
    </div>
    <h2 id="group-cycle-1">
      <a href="group-cycle-1.html">
        group-cycle-1
      </a>
    </h2>
    <p>
      <a href="group.html">
        group: []
      </a>
    </p>
    <p>
      part count: 3
    </p>
    <div class="column-1">
      <span>
        PathI
      </span>
      <span>
        PathP
      </span>
      <span>
        PathR
      </span>
    </div>
    <h2 id="group-cycle-2">
      <a href="group-cycle-2.html">
        group-cycle-2
      </a>
    </h2>
    <p>
      <a href="group-PathE-PathF.html">
        group: [PathE, PathF]
      </a>
    </p>
    <p>
      part count: 3
    </p>
    <div class="column-1">
      <span>
        ModuleL
      </span>
      <span>
        ModuleM
      </span>
      <span>
        ModuleN
      </span>
    </div>
  </body>
</html>
