<html>
  <head>
    <title>
      group-PathA
    </title>
    <link rel="stylesheet" href="reset.css">
    </link>
    <link rel="stylesheet" href="code-structure.css">
    </link>
  </head>
  <body>
    <h1>
      group-PathA
    </h1>
    <p>
      <a href="index.html">
        Table Of Contents
      </a>
    </p>
    <p>
      <a href="group.html">
        Group
      </a>
    </p>
    <div>
      <?xml version="1.0" encoding="UTF-8" standalone="no"?>
<!DOCTYPE svg PUBLIC "-//W3C//DTD SVG 1.1//EN"
 "http://www.w3.org/Graphics/SVG/1.1/DTD/svg11.dtd">
<!-- Generated by graphviz version 8.0.2 (20230410.1723)
 -->
<!-- Title: detangled Pages: 1 -->
<svg width="147pt" height="44pt"
 viewBox="0.00 0.00 147.09 44.00" xmlns="http://www.w3.org/2000/svg" xmlns:xlink="http://www.w3.org/1999/xlink">
<g id="graph0" class="graph" transform="scale(1 1) rotate(0) translate(4 40)">
<title>detangled</title>
<polygon fill="lightgray" stroke="none" points="-4,4 -4,-40 143.09,-40 143.09,4 -4,4"/>
<!-- ModuleB -->
<g id="node1" class="node">
<title>ModuleB</title>
<g id="a_node1"><a xlink:href="local-PathA-ModuleB.html" xlink:title="ModuleB (local)">
<ellipse fill="none" stroke="black" cx="69.54" cy="-18" rx="69.59" ry="18"/>
<text text-anchor="middle" x="69.54" y="-14.3" font-family="Times,serif" font-size="14.00" fill="blue">ModuleB (local)</text>
</a>
</g>
</g>
</g>
</svg>

    </div>
  </body>
</html>
