<html>
  <head>
    <title>
      group-PathG
    </title>
    <link rel="stylesheet" href="reset.css">
    </link>
    <link rel="stylesheet" href="code-structure.css">
    </link>
  </head>
  <body>
    <h1>
      group-PathG
    </h1>
    <p>
      <a href="index.html">
        Table Of Contents
      </a>
    </p>
    <p>
      <a href="group.html">
        Group
      </a>
    </p>
    <div>
      <?xml version="1.0" encoding="UTF-8" standalone="no"?>
<!DOCTYPE svg PUBLIC "-//W3C//DTD SVG 1.1//EN"
 "http://www.w3.org/Graphics/SVG/1.1/DTD/svg11.dtd">
<!-- Generated by graphviz version 12.2.1 (20241206.2353)
 -->
<!-- Title: detangled Pages: 1 -->
<svg width="101pt" height="44pt"
 viewBox="0.00 0.00 101.49 44.00" xmlns="http://www.w3.org/2000/svg" xmlns:xlink="http://www.w3.org/1999/xlink">
<g id="graph0" class="graph" transform="scale(1 1) rotate(0) translate(4 40)">
<title>detangled</title>
<polygon fill="lightgray" stroke="none" points="-4,4 -4,-40 97.49,-40 97.49,4 -4,4"/>
<!-- ModuleH -->
<g id="node1" class="node">
<title>ModuleH</title>
<ellipse fill="none" stroke="black" cx="46.75" cy="-18" rx="46.75" ry="18"/>
<text text-anchor="middle" x="46.75" y="-12.95" font-family="Times,serif" font-size="14.00">ModuleH</text>
</g>
</g>
</svg>

    </div>
    <p>
      dependency reasons count: 0
    </p>
    <table>
      <thead>
        <tr>
          <th>
            dependency
          </th>
          <th>
            reason
          </th>
        </tr>
      </thead>
      <tbody>
      </tbody>
    </table>
  </body>
</html>
