<html>
  <head>
    <title>
      local-PathI-ModuleJ
    </title>
    <link rel="stylesheet" href="reset.css">
    </link>
    <link rel="stylesheet" href="code-structure.css">
    </link>
  </head>
  <body>
    <h1>
      local-PathI-ModuleJ
    </h1>
    <p>
      <a href="index.html">
        Table Of Contents
      </a>
    </p>
    <p>
      <a href="group.html">
        Group
      </a>
    </p>
    <p>
      <a href="group-PathI.html">
        Group PathI
      </a>
    </p>
    <p>
      <a href="code-units.html">
        Code Units
      </a>
    </p>
    <p>
      <a href="https://github.com/SeanShubin/code_structure_sample_elixir/blob/master/lib/path_i/module_j.ex">
        Source
      </a>
    </p>
    <div>
      <?xml version="1.0" encoding="UTF-8" standalone="no"?>
<!DOCTYPE svg PUBLIC "-//W3C//DTD SVG 1.1//EN"
 "http://www.w3.org/Graphics/SVG/1.1/DTD/svg11.dtd">
<!-- Generated by graphviz version 12.0.0 (20240704.0754)
 -->
<!-- Title: detangled Pages: 1 -->
<svg width="526pt" height="260pt"
 viewBox="0.00 0.00 525.62 260.00" xmlns="http://www.w3.org/2000/svg" xmlns:xlink="http://www.w3.org/1999/xlink">
<g id="graph0" class="graph" transform="scale(1 1) rotate(0) translate(4 256)">
<title>detangled</title>
<polygon fill="lightgray" stroke="none" points="-4,4 -4,-256 521.62,-256 521.62,4 -4,4"/>
<!-- ModuleP -->
<g id="node1" class="node">
<title>ModuleP</title>
<g id="a_node1"><a xlink:href="local-ModuleP.html" xlink:title="ModuleP">
<ellipse fill="none" stroke="black" cx="178.8" cy="-234" rx="45.21" ry="18"/>
<text text-anchor="middle" x="178.8" y="-228.95" font-family="Times,serif" font-size="14.00" fill="blue">ModuleP</text>
</a>
</g>
</g>
<!-- PathP.ModuleQ -->
<g id="node6" class="node">
<title>PathP.ModuleQ</title>
<g id="a_node6"><a xlink:href="local-PathP-ModuleQ.html" xlink:title="↻ PathP.ModuleQ ↻ (3)">
<ellipse fill="none" stroke="black" cx="178.8" cy="-162" rx="102.24" ry="18"/>
<text text-anchor="middle" x="178.8" y="-157.32" font-family="Times,serif" font-size="14.00" fill="blue">↻ PathP.ModuleQ ↻ (3)</text>
</a>
</g>
</g>
<!-- ModuleP&#45;&gt;PathP.ModuleQ -->
<g id="edge1" class="edge">
<title>ModuleP&#45;&gt;PathP.ModuleQ</title>
<path fill="none" stroke="black" d="M178.8,-215.7C178.8,-208.41 178.8,-199.73 178.8,-191.54"/>
<polygon fill="black" stroke="black" points="182.3,-191.62 178.8,-181.62 175.3,-191.62 182.3,-191.62"/>
</g>
<!-- PathC.ModuleD -->
<g id="node2" class="node">
<title>PathC.ModuleD</title>
<g id="a_node2"><a xlink:href="local-PathC-ModuleD.html" xlink:title="PathC.ModuleD">
<ellipse fill="none" stroke="black" cx="445.8" cy="-18" rx="71.82" ry="18"/>
<text text-anchor="middle" x="445.8" y="-12.95" font-family="Times,serif" font-size="14.00" fill="blue">PathC.ModuleD</text>
</a>
</g>
</g>
<!-- PathE.PathF.ModuleN -->
<g id="node3" class="node">
<title>PathE.PathF.ModuleN</title>
<g id="a_node3"><a xlink:href="local-PathE-PathF-ModuleN.html" xlink:title="PathE.PathF.ModuleN">
<ellipse fill="none" stroke="black" cx="401.8" cy="-162" rx="94.86" ry="18"/>
<text text-anchor="middle" x="401.8" y="-156.95" font-family="Times,serif" font-size="14.00" fill="blue">PathE.PathF.ModuleN</text>
</a>
</g>
</g>
<!-- PathG.ModuleH -->
<g id="node4" class="node">
<title>PathG.ModuleH</title>
<g id="a_node4"><a xlink:href="local-PathG-ModuleH.html" xlink:title="PathG.ModuleH">
<ellipse fill="none" stroke="black" cx="401.8" cy="-90" rx="72.34" ry="18"/>
<text text-anchor="middle" x="401.8" y="-84.95" font-family="Times,serif" font-size="14.00" fill="blue">PathG.ModuleH</text>
</a>
</g>
</g>
<!-- PathE.PathF.ModuleN&#45;&gt;PathG.ModuleH -->
<g id="edge2" class="edge">
<title>PathE.PathF.ModuleN&#45;&gt;PathG.ModuleH</title>
<path fill="none" stroke="black" d="M401.8,-143.7C401.8,-136.41 401.8,-127.73 401.8,-119.54"/>
<polygon fill="black" stroke="black" points="405.3,-119.62 401.8,-109.62 398.3,-119.62 405.3,-119.62"/>
</g>
<!-- PathG.ModuleH&#45;&gt;PathC.ModuleD -->
<g id="edge3" class="edge">
<title>PathG.ModuleH&#45;&gt;PathC.ModuleD</title>
<path fill="none" stroke="black" d="M412.45,-72.05C417.4,-64.18 423.41,-54.62 428.96,-45.79"/>
<polygon fill="black" stroke="black" points="431.78,-47.89 434.14,-37.56 425.85,-44.16 431.78,-47.89"/>
</g>
<!-- PathI.ModuleJ -->
<g id="node5" class="node">
<title>PathI.ModuleJ</title>
<g id="a_node5"><a xlink:href="local-PathI-ModuleJ.html" xlink:title="↻ PathI.ModuleJ ↻ (3)">
<ellipse fill="none" stroke="black" stroke-width="2" cx="257.8" cy="-18" rx="98.03" ry="18"/>
<text text-anchor="middle" x="257.8" y="-13.32" font-family="Times,serif" font-size="14.00" fill="blue">↻ PathI.ModuleJ ↻ (3)</text>
</a>
</g>
</g>
<!-- PathG.ModuleH&#45;&gt;PathI.ModuleJ -->
<g id="edge4" class="edge">
<title>PathG.ModuleH&#45;&gt;PathI.ModuleJ</title>
<path fill="none" stroke="black" d="M369.84,-73.46C349.74,-63.69 323.54,-50.96 301.52,-40.25"/>
<polygon fill="black" stroke="black" points="303.31,-37.23 292.78,-36.01 300.25,-43.53 303.31,-37.23"/>
</g>
<!-- PathI.ModuleJ&#45;&gt;PathP.ModuleQ -->
<g id="edge5" class="edge">
<title>PathI.ModuleJ&#45;&gt;PathP.ModuleQ</title>
<path fill="none" stroke="black" d="M257.29,-36.21C256.04,-55.03 251.95,-85.49 238.8,-108 232.36,-119.03 222.81,-128.96 213.22,-137.17"/>
<polygon fill="black" stroke="black" points="211.25,-134.26 205.66,-143.26 215.65,-139.71 211.25,-134.26"/>
</g>
<!-- PathR.ModuleS -->
<g id="node7" class="node">
<title>PathR.ModuleS</title>
<g id="a_node7"><a xlink:href="local-PathR-ModuleS.html" xlink:title="↻ PathR.ModuleS ↻ (3)">
<ellipse fill="none" stroke="black" cx="126.8" cy="-90" rx="102.77" ry="18"/>
<text text-anchor="middle" x="126.8" y="-85.33" font-family="Times,serif" font-size="14.00" fill="blue">↻ PathR.ModuleS ↻ (3)</text>
</a>
</g>
</g>
<!-- PathP.ModuleQ&#45;&gt;PathR.ModuleS -->
<g id="edge6" class="edge">
<title>PathP.ModuleQ&#45;&gt;PathR.ModuleS</title>
<path fill="none" stroke="black" d="M165.95,-143.7C160.03,-135.73 152.87,-126.1 146.31,-117.26"/>
<polygon fill="black" stroke="black" points="149.18,-115.26 140.41,-109.32 143.56,-119.43 149.18,-115.26"/>
</g>
<!-- PathR.ModuleS&#45;&gt;PathI.ModuleJ -->
<g id="edge7" class="edge">
<title>PathR.ModuleS&#45;&gt;PathI.ModuleJ</title>
<path fill="none" stroke="black" d="M157.85,-72.41C175.55,-62.95 197.94,-50.99 217.04,-40.78"/>
<polygon fill="black" stroke="black" points="218.47,-43.98 225.64,-36.18 215.17,-37.81 218.47,-43.98"/>
</g>
<!-- PathT.ModuleU -->
<g id="node8" class="node">
<title>PathT.ModuleU</title>
<g id="a_node8"><a xlink:href="local-PathT-ModuleU.html" xlink:title="PathT.ModuleU">
<ellipse fill="none" stroke="black" cx="70.8" cy="-18" rx="70.8" ry="18"/>
<text text-anchor="middle" x="70.8" y="-12.95" font-family="Times,serif" font-size="14.00" fill="blue">PathT.ModuleU</text>
</a>
</g>
</g>
<!-- PathR.ModuleS&#45;&gt;PathT.ModuleU -->
<g id="edge8" class="edge">
<title>PathR.ModuleS&#45;&gt;PathT.ModuleU</title>
<path fill="none" stroke="black" d="M112.96,-71.7C106.52,-63.64 98.72,-53.89 91.59,-44.98"/>
<polygon fill="black" stroke="black" points="94.41,-42.91 85.43,-37.29 88.94,-47.28 94.41,-42.91"/>
</g>
</g>
</svg>

    </div>
  </body>
</html>
