<html>
  <head>
    <title>
      local-PathI-ModuleJ
    </title>
    <link rel="stylesheet" href="reset.css">
    </link>
    <link rel="stylesheet" href="code-structure.css">
    </link>
  </head>
  <body>
    <h1>
      local-PathI-ModuleJ
    </h1>
    <p>
      <a href="index.html">
        Table Of Contents
      </a>
    </p>
    <p>
      <a href="group.html">
        Group
      </a>
    </p>
    <p>
      <a href="group-PathI.html">
        Group PathI
      </a>
    </p>
    <p>
      <a href="code-units.html">
        Code Units
      </a>
    </p>
    <p>
      <a href="https://github.com/SeanShubin/code_structure_sample_elixir/blob/master/lib/path_i/module_j.ex">
        Source
      </a>
    </p>
    <div>
      ---replace--with--local-PathI-ModuleJ.svg---
    </div>
  </body>
</html>
