<html>
  <head>
    <title>
      local-PathG-ModuleH
    </title>
    <link rel="stylesheet" href="reset.css">
    </link>
    <link rel="stylesheet" href="code-structure.css">
    </link>
  </head>
  <body>
    <h1>
      local-PathG-ModuleH
    </h1>
    <p>
      <a href="index.html">
        Table Of Contents
      </a>
    </p>
    <p>
      <a href="group.html">
        Group
      </a>
    </p>
    <p>
      <a href="group-PathG.html">
        Group PathG
      </a>
    </p>
    <p>
      <a href="code-units.html">
        Code Units
      </a>
    </p>
    <p>
      <a href="https://github.com/SeanShubin/code_structure_sample_elixir/blob/master/lib/path_g/module_h.ex">
        Source
      </a>
    </p>
    <div>
      <?xml version="1.0" encoding="UTF-8" standalone="no"?>
<!DOCTYPE svg PUBLIC "-//W3C//DTD SVG 1.1//EN"
 "http://www.w3.org/Graphics/SVG/1.1/DTD/svg11.dtd">
<!-- Generated by graphviz version 8.0.2 (20230410.1723)
 -->
<!-- Title: detangled Pages: 1 -->
<svg width="447pt" height="620pt"
 viewBox="0.00 0.00 447.38 620.00" xmlns="http://www.w3.org/2000/svg" xmlns:xlink="http://www.w3.org/1999/xlink">
<g id="graph0" class="graph" transform="scale(1 1) rotate(0) translate(4 616)">
<title>detangled</title>
<polygon fill="lightgray" stroke="none" points="-4,4 -4,-616 443.38,-616 443.38,4 -4,4"/>
<!-- PathA.ModuleB -->
<g id="node1" class="node">
<title>PathA.ModuleB</title>
<g id="a_node1"><a xlink:href="local-PathA-ModuleB.html" xlink:title="PathA.ModuleB">
<ellipse fill="none" stroke="black" cx="268.89" cy="-594" rx="68.79" ry="18"/>
<text text-anchor="middle" x="268.89" y="-590.3" font-family="Times,serif" font-size="14.00" fill="blue">PathA.ModuleB</text>
</a>
</g>
</g>
<!-- PathC.ModuleD -->
<g id="node2" class="node">
<title>PathC.ModuleD</title>
<g id="a_node2"><a xlink:href="local-PathC-ModuleD.html" xlink:title="↻ PathC.ModuleD ↻ (5)">
<ellipse fill="none" stroke="black" cx="268.89" cy="-522" rx="96.68" ry="18"/>
<text text-anchor="middle" x="268.89" y="-518.3" font-family="Times,serif" font-size="14.00" fill="blue">↻ PathC.ModuleD ↻ (5)</text>
</a>
</g>
</g>
<!-- PathA.ModuleB&#45;&gt;PathC.ModuleD -->
<g id="edge1" class="edge">
<title>PathA.ModuleB&#45;&gt;PathC.ModuleD</title>
<path fill="none" stroke="black" d="M268.89,-575.7C268.89,-568.24 268.89,-559.32 268.89,-550.97"/>
<polygon fill="black" stroke="black" points="272.39,-551.1 268.89,-541.1 265.39,-551.1 272.39,-551.1"/>
</g>
<!-- PathE.PathF.ModuleL -->
<g id="node3" class="node">
<title>PathE.PathF.ModuleL</title>
<g id="a_node3"><a xlink:href="local-PathE-PathF-ModuleL.html" xlink:title="↻ PathE.PathF.ModuleL ↻ (5)">
<ellipse fill="none" stroke="black" cx="195.89" cy="-450" rx="118.08" ry="18"/>
<text text-anchor="middle" x="195.89" y="-446.3" font-family="Times,serif" font-size="14.00" fill="blue">↻ PathE.PathF.ModuleL ↻ (5)</text>
</a>
</g>
</g>
<!-- PathC.ModuleD&#45;&gt;PathE.PathF.ModuleL -->
<g id="edge2" class="edge">
<title>PathC.ModuleD&#45;&gt;PathE.PathF.ModuleL</title>
<path fill="none" stroke="black" d="M251.22,-504.05C242.38,-495.58 231.52,-485.17 221.77,-475.82"/>
<polygon fill="black" stroke="black" points="224.55,-473.67 214.9,-469.28 219.7,-478.72 224.55,-473.67"/>
</g>
<!-- PathE.PathF.ModuleM -->
<g id="node4" class="node">
<title>PathE.PathF.ModuleM</title>
<g id="a_node4"><a xlink:href="local-PathE-PathF-ModuleM.html" xlink:title="↻ PathE.PathF.ModuleM ↻ (5)">
<ellipse fill="none" stroke="black" cx="120.89" cy="-378" rx="120.78" ry="18"/>
<text text-anchor="middle" x="120.89" y="-374.3" font-family="Times,serif" font-size="14.00" fill="blue">↻ PathE.PathF.ModuleM ↻ (5)</text>
</a>
</g>
</g>
<!-- PathE.PathF.ModuleL&#45;&gt;PathE.PathF.ModuleM -->
<g id="edge3" class="edge">
<title>PathE.PathF.ModuleL&#45;&gt;PathE.PathF.ModuleM</title>
<path fill="none" stroke="black" d="M177.73,-432.05C168.57,-423.5 157.27,-412.96 147.18,-403.54"/>
<polygon fill="black" stroke="black" points="150.1,-401.54 140.4,-397.28 145.32,-406.66 150.1,-401.54"/>
</g>
<!-- PathE.PathF.ModuleN -->
<g id="node5" class="node">
<title>PathE.PathF.ModuleN</title>
<g id="a_node5"><a xlink:href="local-PathE-PathF-ModuleN.html" xlink:title="↻ PathE.PathF.ModuleN ↻ (5)">
<ellipse fill="none" stroke="black" cx="164.89" cy="-306" rx="118.88" ry="18"/>
<text text-anchor="middle" x="164.89" y="-302.3" font-family="Times,serif" font-size="14.00" fill="blue">↻ PathE.PathF.ModuleN ↻ (5)</text>
</a>
</g>
</g>
<!-- PathE.PathF.ModuleM&#45;&gt;PathE.PathF.ModuleN -->
<g id="edge4" class="edge">
<title>PathE.PathF.ModuleM&#45;&gt;PathE.PathF.ModuleN</title>
<path fill="none" stroke="black" d="M131.77,-359.7C136.77,-351.73 142.83,-342.1 148.38,-333.26"/>
<polygon fill="black" stroke="black" points="151.78,-335.43 154.14,-325.1 145.85,-331.71 151.78,-335.43"/>
</g>
<!-- PathE.PathF.ModuleN&#45;&gt;PathE.PathF.ModuleL -->
<g id="edge5" class="edge">
<title>PathE.PathF.ModuleN&#45;&gt;PathE.PathF.ModuleL</title>
<path fill="none" stroke="black" d="M208.63,-323.08C224.91,-331.45 241.66,-343.46 250.89,-360 258.69,-373.97 257.15,-381.28 250.89,-396 246.25,-406.91 238.14,-416.67 229.55,-424.74"/>
<polygon fill="black" stroke="black" points="227.51,-422.75 222.27,-431.95 232.11,-428.03 227.51,-422.75"/>
</g>
<!-- PathE.PathF.ModuleO -->
<g id="node6" class="node">
<title>PathE.PathF.ModuleO</title>
<g id="a_node6"><a xlink:href="local-PathE-PathF-ModuleO.html" xlink:title="PathE.PathF.ModuleO">
<ellipse fill="none" stroke="black" cx="135.89" cy="-234" rx="90.98" ry="18"/>
<text text-anchor="middle" x="135.89" y="-230.3" font-family="Times,serif" font-size="14.00" fill="blue">PathE.PathF.ModuleO</text>
</a>
</g>
</g>
<!-- PathE.PathF.ModuleN&#45;&gt;PathE.PathF.ModuleO -->
<g id="edge6" class="edge">
<title>PathE.PathF.ModuleN&#45;&gt;PathE.PathF.ModuleO</title>
<path fill="none" stroke="black" d="M157.72,-287.7C154.52,-279.98 150.68,-270.71 147.12,-262.11"/>
<polygon fill="black" stroke="black" points="150.04,-261 142.98,-253.1 143.57,-263.68 150.04,-261"/>
</g>
<!-- PathG.ModuleH -->
<g id="node7" class="node">
<title>PathG.ModuleH</title>
<g id="a_node7"><a xlink:href="local-PathG-ModuleH.html" xlink:title="↻ PathG.ModuleH ↻ (5)">
<ellipse fill="none" stroke="black" stroke-width="2" cx="341.89" cy="-234" rx="97.48" ry="18"/>
<text text-anchor="middle" x="341.89" y="-230.3" font-family="Times,serif" font-size="14.00" fill="blue">↻ PathG.ModuleH ↻ (5)</text>
</a>
</g>
</g>
<!-- PathE.PathF.ModuleN&#45;&gt;PathG.ModuleH -->
<g id="edge7" class="edge">
<title>PathE.PathF.ModuleN&#45;&gt;PathG.ModuleH</title>
<path fill="none" stroke="black" d="M205.94,-288.76C231.57,-278.63 264.73,-265.51 291.89,-254.77"/>
<polygon fill="black" stroke="black" points="292.96,-257.72 300.97,-250.79 290.39,-251.21 292.96,-257.72"/>
</g>
<!-- PathG.ModuleH&#45;&gt;PathC.ModuleD -->
<g id="edge8" class="edge">
<title>PathG.ModuleH&#45;&gt;PathC.ModuleD</title>
<path fill="none" stroke="black" d="M344.43,-252.41C349.47,-292.62 357.49,-394.13 322.89,-468 317.82,-478.82 309.54,-488.64 300.97,-496.8"/>
<polygon fill="black" stroke="black" points="298.9,-493.85 293.76,-503.11 303.56,-499.08 298.9,-493.85"/>
</g>
<!-- PathI.ModuleJ -->
<g id="node8" class="node">
<title>PathI.ModuleJ</title>
<g id="a_node8"><a xlink:href="local-PathI-ModuleJ.html" xlink:title="PathI.ModuleJ">
<ellipse fill="none" stroke="black" cx="341.89" cy="-162" rx="63.09" ry="18"/>
<text text-anchor="middle" x="341.89" y="-158.3" font-family="Times,serif" font-size="14.00" fill="blue">PathI.ModuleJ</text>
</a>
</g>
</g>
<!-- PathG.ModuleH&#45;&gt;PathI.ModuleJ -->
<g id="edge9" class="edge">
<title>PathG.ModuleH&#45;&gt;PathI.ModuleJ</title>
<path fill="none" stroke="black" d="M341.89,-215.7C341.89,-208.24 341.89,-199.32 341.89,-190.97"/>
<polygon fill="black" stroke="black" points="345.39,-191.1 341.89,-181.1 338.39,-191.1 345.39,-191.1"/>
</g>
<!-- PathP.ModuleQ -->
<g id="node9" class="node">
<title>PathP.ModuleQ</title>
<g id="a_node9"><a xlink:href="local-PathP-ModuleQ.html" xlink:title="PathP.ModuleQ">
<ellipse fill="none" stroke="black" cx="294.89" cy="-90" rx="66.89" ry="18"/>
<text text-anchor="middle" x="294.89" y="-86.3" font-family="Times,serif" font-size="14.00" fill="blue">PathP.ModuleQ</text>
</a>
</g>
</g>
<!-- PathI.ModuleJ&#45;&gt;PathP.ModuleQ -->
<g id="edge10" class="edge">
<title>PathI.ModuleJ&#45;&gt;PathP.ModuleQ</title>
<path fill="none" stroke="black" d="M330.51,-144.05C325.03,-135.89 318.33,-125.91 312.23,-116.82"/>
<polygon fill="black" stroke="black" points="314.64,-115.14 306.16,-108.79 308.83,-119.04 314.64,-115.14"/>
</g>
<!-- PathR.ModuleS -->
<g id="node10" class="node">
<title>PathR.ModuleS</title>
<g id="a_node10"><a xlink:href="local-PathR-ModuleS.html" xlink:title="PathR.ModuleS">
<ellipse fill="none" stroke="black" cx="341.89" cy="-18" rx="67.69" ry="18"/>
<text text-anchor="middle" x="341.89" y="-14.3" font-family="Times,serif" font-size="14.00" fill="blue">PathR.ModuleS</text>
</a>
</g>
</g>
<!-- PathP.ModuleQ&#45;&gt;PathR.ModuleS -->
<g id="edge11" class="edge">
<title>PathP.ModuleQ&#45;&gt;PathR.ModuleS</title>
<path fill="none" stroke="black" d="M306.27,-72.05C311.75,-63.89 318.45,-53.91 324.55,-44.82"/>
<polygon fill="black" stroke="black" points="327.95,-47.04 330.62,-36.79 322.14,-43.14 327.95,-47.04"/>
</g>
<!-- PathR.ModuleS&#45;&gt;PathI.ModuleJ -->
<g id="edge12" class="edge">
<title>PathR.ModuleS&#45;&gt;PathI.ModuleJ</title>
<path fill="none" stroke="black" d="M353.89,-35.74C360.31,-45.74 367.56,-58.99 370.89,-72 374.85,-87.5 374.85,-92.5 370.89,-108 368.52,-117.25 364.18,-126.62 359.55,-134.85"/>
<polygon fill="black" stroke="black" points="356.05,-132.88 353.89,-143.26 362.05,-136.49 356.05,-132.88"/>
</g>
</g>
</svg>

    </div>
  </body>
</html>
