digraph detangled {
  bgcolor=lightgray
  "PathC.ModuleD" [fontcolor="blue" URL="local-PathC.ModuleD.html" label="PathC.ModuleD"]
  "PathE.PathF.ModuleK" [fontcolor="blue" URL="local-PathE.PathF.ModuleK.html" label="PathE.PathF.ModuleK" style="bold"]
  "PathE.PathF.ModuleL" [fontcolor="blue" URL="local-PathE.PathF.ModuleL.html" label="PathE.PathF.ModuleL"]
  "PathE.PathF.ModuleM" [fontcolor="blue" URL="local-PathE.PathF.ModuleM.html" label="PathE.PathF.ModuleM"]
  "PathE.PathF.ModuleN" [fontcolor="blue" URL="local-PathE.PathF.ModuleN.html" label="PathE.PathF.ModuleN"]
  "PathC.ModuleD" -> "PathE.PathF.ModuleL"
  "PathE.PathF.ModuleK" -> "PathE.PathF.ModuleL"
  "PathE.PathF.ModuleL" -> "PathE.PathF.ModuleM"
  "PathE.PathF.ModuleM" -> "PathE.PathF.ModuleN"
  "PathE.PathF.ModuleN" -> "PathE.PathF.ModuleL"
}
