<html>
  <head>
    <title>
      local-PathE-PathF-ModuleM
    </title>
    <link rel="stylesheet" href="reset.css">
    </link>
    <link rel="stylesheet" href="code-structure.css">
    </link>
  </head>
  <body>
    <h1>
      local-PathE-PathF-ModuleM
    </h1>
    <p>
      <a href="index.html">
        Table Of Contents
      </a>
    </p>
    <p>
      <a href="group.html">
        Group
      </a>
    </p>
    <p>
      <a href="group-PathE.html">
        Group PathE
      </a>
    </p>
    <p>
      <a href="group-PathE-PathF.html">
        Group PathE.PathF
      </a>
    </p>
    <p>
      <a href="code-units.html">
        Code Units
      </a>
    </p>
    <p>
      <a href="https://github.com/SeanShubin/code_structure_sample_elixir/blob/master/lib/path_e/path_f/module_m.ex">
        Source
      </a>
    </p>
    <div>
      <?xml version="1.0" encoding="UTF-8" standalone="no"?>
<!DOCTYPE svg PUBLIC "-//W3C//DTD SVG 1.1//EN"
 "http://www.w3.org/Graphics/SVG/1.1/DTD/svg11.dtd">
<!-- Generated by graphviz version 10.0.1 (20240210.2158)
 -->
<!-- Title: detangled Pages: 1 -->
<svg width="600pt" height="332pt"
 viewBox="0.00 0.00 600.00 332.00" xmlns="http://www.w3.org/2000/svg" xmlns:xlink="http://www.w3.org/1999/xlink">
<g id="graph0" class="graph" transform="scale(1 1) rotate(0) translate(4 328)">
<title>detangled</title>
<polygon fill="lightgray" stroke="none" points="-4,4 -4,-328 596,-328 596,4 -4,4"/>
<!-- ModuleE -->
<g id="node1" class="node">
<title>ModuleE</title>
<g id="a_node1"><a xlink:href="local-ModuleE.html" xlink:title="ModuleE">
<ellipse fill="none" stroke="black" cx="130.12" cy="-234" rx="45.72" ry="18"/>
<text text-anchor="middle" x="130.12" y="-228.95" font-family="Times,serif" font-size="14.00" fill="blue">ModuleE</text>
</a>
</g>
</g>
<!-- PathC.ModuleD -->
<g id="node2" class="node">
<title>PathC.ModuleD</title>
<g id="a_node2"><a xlink:href="local-PathC-ModuleD.html" xlink:title="↻ PathC.ModuleD ↻ (5)">
<ellipse fill="none" stroke="black" cx="278.12" cy="-90" rx="104.35" ry="18"/>
<text text-anchor="middle" x="278.12" y="-85.33" font-family="Times,serif" font-size="14.00" fill="blue">↻ PathC.ModuleD ↻ (5)</text>
</a>
</g>
</g>
<!-- PathE.PathF.ModuleL -->
<g id="node4" class="node">
<title>PathE.PathF.ModuleL</title>
<g id="a_node4"><a xlink:href="local-PathE-PathF-ModuleL.html" xlink:title="↻ PathE.PathF.ModuleL ↻ (5)">
<ellipse fill="none" stroke="black" cx="212.12" cy="-18" rx="126.44" ry="18"/>
<text text-anchor="middle" x="212.12" y="-13.32" font-family="Times,serif" font-size="14.00" fill="blue">↻ PathE.PathF.ModuleL ↻ (5)</text>
</a>
</g>
</g>
<!-- PathC.ModuleD&#45;&gt;PathE.PathF.ModuleL -->
<g id="edge1" class="edge">
<title>PathC.ModuleD&#45;&gt;PathE.PathF.ModuleL</title>
<path fill="none" stroke="black" d="M262.15,-72.05C254.32,-63.75 244.73,-53.58 236.05,-44.38"/>
<polygon fill="black" stroke="black" points="238.86,-42.25 229.45,-37.38 233.76,-47.05 238.86,-42.25"/>
</g>
<!-- PathE.PathF.ModuleK -->
<g id="node3" class="node">
<title>PathE.PathF.ModuleK</title>
<g id="a_node3"><a xlink:href="local-PathE-PathF-ModuleK.html" xlink:title="PathE.PathF.ModuleK">
<ellipse fill="none" stroke="black" cx="495.12" cy="-90" rx="94.86" ry="18"/>
<text text-anchor="middle" x="495.12" y="-84.95" font-family="Times,serif" font-size="14.00" fill="blue">PathE.PathF.ModuleK</text>
</a>
</g>
</g>
<!-- PathE.PathF.ModuleK&#45;&gt;PathE.PathF.ModuleL -->
<g id="edge2" class="edge">
<title>PathE.PathF.ModuleK&#45;&gt;PathE.PathF.ModuleL</title>
<path fill="none" stroke="black" d="M438.87,-75.09C394.46,-64.1 332.18,-48.7 284.13,-36.81"/>
<polygon fill="black" stroke="black" points="285.19,-33.47 274.64,-34.46 283.51,-40.26 285.19,-33.47"/>
</g>
<!-- PathE.PathF.ModuleM -->
<g id="node5" class="node">
<title>PathE.PathF.ModuleM</title>
<g id="a_node5"><a xlink:href="local-PathE-PathF-ModuleM.html" xlink:title="↻ PathE.PathF.ModuleM ↻ (5)">
<ellipse fill="none" stroke="black" stroke-width="2" cx="130.12" cy="-306" rx="130.12" ry="18"/>
<text text-anchor="middle" x="130.12" y="-301.32" font-family="Times,serif" font-size="14.00" fill="blue">↻ PathE.PathF.ModuleM ↻ (5)</text>
</a>
</g>
</g>
<!-- PathE.PathF.ModuleL&#45;&gt;PathE.PathF.ModuleM -->
<g id="edge3" class="edge">
<title>PathE.PathF.ModuleL&#45;&gt;PathE.PathF.ModuleM</title>
<path fill="none" stroke="black" d="M187.65,-35.92C175.06,-45.48 160.08,-58.25 149.12,-72 104.27,-128.26 92.04,-146.06 75.12,-216 71.36,-231.55 68.86,-237.28 75.12,-252 79.72,-262.8 87.71,-272.47 96.2,-280.49"/>
<polygon fill="black" stroke="black" points="93.77,-283.02 103.6,-286.96 98.37,-277.75 93.77,-283.02"/>
</g>
<!-- PathE.PathF.ModuleM&#45;&gt;ModuleE -->
<g id="edge4" class="edge">
<title>PathE.PathF.ModuleM&#45;&gt;ModuleE</title>
<path fill="none" stroke="black" d="M130.12,-287.7C130.12,-280.41 130.12,-271.73 130.12,-263.54"/>
<polygon fill="black" stroke="black" points="133.62,-263.62 130.12,-253.62 126.62,-263.62 133.62,-263.62"/>
</g>
<!-- PathE.PathF.ModuleN -->
<g id="node6" class="node">
<title>PathE.PathF.ModuleN</title>
<g id="a_node6"><a xlink:href="local-PathE-PathF-ModuleN.html" xlink:title="↻ PathE.PathF.ModuleN ↻ (5)">
<ellipse fill="none" stroke="black" cx="322.12" cy="-234" rx="128.02" ry="18"/>
<text text-anchor="middle" x="322.12" y="-229.32" font-family="Times,serif" font-size="14.00" fill="blue">↻ PathE.PathF.ModuleN ↻ (5)</text>
</a>
</g>
</g>
<!-- PathE.PathF.ModuleM&#45;&gt;PathE.PathF.ModuleN -->
<g id="edge5" class="edge">
<title>PathE.PathF.ModuleM&#45;&gt;PathE.PathF.ModuleN</title>
<path fill="none" stroke="black" d="M174.66,-288.76C202.18,-278.73 237.72,-265.77 267.02,-255.09"/>
<polygon fill="black" stroke="black" points="267.88,-258.5 276.08,-251.79 265.49,-251.92 267.88,-258.5"/>
</g>
<!-- PathE.PathF.ModuleN&#45;&gt;PathE.PathF.ModuleL -->
<g id="edge6" class="edge">
<title>PathE.PathF.ModuleN&#45;&gt;PathE.PathF.ModuleL</title>
<path fill="none" stroke="black" d="M228.33,-221.45C203.85,-213.69 180.14,-200.92 165.12,-180 137.13,-141.01 148.09,-116.88 165.12,-72 169.03,-61.7 175.96,-52.12 183.32,-44.01"/>
<polygon fill="black" stroke="black" points="185.78,-46.5 190.29,-36.91 180.79,-41.6 185.78,-46.5"/>
</g>
<!-- PathE.PathF.ModuleO -->
<g id="node7" class="node">
<title>PathE.PathF.ModuleO</title>
<g id="a_node7"><a xlink:href="local-PathE-PathF-ModuleO.html" xlink:title="PathE.PathF.ModuleO">
<ellipse fill="none" stroke="black" cx="269.12" cy="-162" rx="94.86" ry="18"/>
<text text-anchor="middle" x="269.12" y="-156.95" font-family="Times,serif" font-size="14.00" fill="blue">PathE.PathF.ModuleO</text>
</a>
</g>
</g>
<!-- PathE.PathF.ModuleN&#45;&gt;PathE.PathF.ModuleO -->
<g id="edge7" class="edge">
<title>PathE.PathF.ModuleN&#45;&gt;PathE.PathF.ModuleO</title>
<path fill="none" stroke="black" d="M309.02,-215.7C302.99,-207.73 295.7,-198.1 289.01,-189.26"/>
<polygon fill="black" stroke="black" points="291.82,-187.17 282.99,-181.31 286.23,-191.4 291.82,-187.17"/>
</g>
<!-- PathG.ModuleH -->
<g id="node8" class="node">
<title>PathG.ModuleH</title>
<g id="a_node8"><a xlink:href="local-PathG-ModuleH.html" xlink:title="↻ PathG.ModuleH ↻ (5)">
<ellipse fill="none" stroke="black" cx="487.12" cy="-162" rx="104.87" ry="18"/>
<text text-anchor="middle" x="487.12" y="-157.32" font-family="Times,serif" font-size="14.00" fill="blue">↻ PathG.ModuleH ↻ (5)</text>
</a>
</g>
</g>
<!-- PathE.PathF.ModuleN&#45;&gt;PathG.ModuleH -->
<g id="edge8" class="edge">
<title>PathE.PathF.ModuleN&#45;&gt;PathG.ModuleH</title>
<path fill="none" stroke="black" d="M361.23,-216.41C384.31,-206.62 413.72,-194.14 438.31,-183.71"/>
<polygon fill="black" stroke="black" points="439.64,-186.95 447.48,-179.82 436.91,-180.5 439.64,-186.95"/>
</g>
<!-- PathG.ModuleH&#45;&gt;PathC.ModuleD -->
<g id="edge9" class="edge">
<title>PathG.ModuleH&#45;&gt;PathC.ModuleD</title>
<path fill="none" stroke="black" d="M440.74,-145.46C409.62,-135.04 368.43,-121.24 335.28,-110.14"/>
<polygon fill="black" stroke="black" points="336.41,-106.83 325.81,-106.97 334.18,-113.47 336.41,-106.83"/>
</g>
</g>
</svg>

    </div>
  </body>
</html>
