<html>
  <head>
    <title>
      local-PathT-ModuleU
    </title>
    <link rel="stylesheet" href="reset.css">
    </link>
    <link rel="stylesheet" href="code-structure.css">
    </link>
  </head>
  <body>
    <h1>
      local-PathT-ModuleU
    </h1>
    <p>
      <a href="index.html">
        Table Of Contents
      </a>
    </p>
    <p>
      <a href="group.html">
        Group
      </a>
    </p>
    <p>
      <a href="group-PathT.html">
        Group PathT
      </a>
    </p>
    <p>
      <a href="code-units.html">
        Code Units
      </a>
    </p>
    <p>
      <a href="https://github.com/SeanShubin/code_structure_sample_elixir/blob/master/lib/path_t/module_u.ex">
        Source
      </a>
    </p>
    <div>
      <?xml version="1.0" encoding="UTF-8" standalone="no"?>
<!DOCTYPE svg PUBLIC "-//W3C//DTD SVG 1.1//EN"
 "http://www.w3.org/Graphics/SVG/1.1/DTD/svg11.dtd">
<!-- Generated by graphviz version 12.0.0 (20240704.0754)
 -->
<!-- Title: detangled Pages: 1 -->
<svg width="198pt" height="260pt"
 viewBox="0.00 0.00 197.58 260.00" xmlns="http://www.w3.org/2000/svg" xmlns:xlink="http://www.w3.org/1999/xlink">
<g id="graph0" class="graph" transform="scale(1 1) rotate(0) translate(4 256)">
<title>detangled</title>
<polygon fill="lightgray" stroke="none" points="-4,4 -4,-256 193.58,-256 193.58,4 -4,4"/>
<!-- PathI.ModuleJ -->
<g id="node1" class="node">
<title>PathI.ModuleJ</title>
<g id="a_node1"><a xlink:href="local-PathI-ModuleJ.html" xlink:title="PathI.ModuleJ">
<ellipse fill="none" stroke="black" cx="118.78" cy="-234" rx="65.68" ry="18"/>
<text text-anchor="middle" x="118.78" y="-228.95" font-family="Times,serif" font-size="14.00" fill="blue">PathI.ModuleJ</text>
</a>
</g>
</g>
<!-- PathP.ModuleQ -->
<g id="node2" class="node">
<title>PathP.ModuleQ</title>
<g id="a_node2"><a xlink:href="local-PathP-ModuleQ.html" xlink:title="PathP.ModuleQ">
<ellipse fill="none" stroke="black" cx="69.78" cy="-162" rx="69.78" ry="18"/>
<text text-anchor="middle" x="69.78" y="-156.95" font-family="Times,serif" font-size="14.00" fill="blue">PathP.ModuleQ</text>
</a>
</g>
</g>
<!-- PathI.ModuleJ&#45;&gt;PathP.ModuleQ -->
<g id="edge1" class="edge">
<title>PathI.ModuleJ&#45;&gt;PathP.ModuleQ</title>
<path fill="none" stroke="black" d="M106.91,-216.05C101.26,-207.97 94.36,-198.12 88.05,-189.11"/>
<polygon fill="black" stroke="black" points="91,-187.21 82.4,-181.03 85.26,-191.23 91,-187.21"/>
</g>
<!-- PathR.ModuleS -->
<g id="node3" class="node">
<title>PathR.ModuleS</title>
<g id="a_node3"><a xlink:href="local-PathR-ModuleS.html" xlink:title="PathR.ModuleS">
<ellipse fill="none" stroke="black" cx="118.78" cy="-90" rx="70.29" ry="18"/>
<text text-anchor="middle" x="118.78" y="-84.95" font-family="Times,serif" font-size="14.00" fill="blue">PathR.ModuleS</text>
</a>
</g>
</g>
<!-- PathP.ModuleQ&#45;&gt;PathR.ModuleS -->
<g id="edge2" class="edge">
<title>PathP.ModuleQ&#45;&gt;PathR.ModuleS</title>
<path fill="none" stroke="black" d="M81.64,-144.05C87.3,-135.97 94.19,-126.12 100.5,-117.11"/>
<polygon fill="black" stroke="black" points="103.29,-119.23 106.16,-109.03 97.55,-115.21 103.29,-119.23"/>
</g>
<!-- PathR.ModuleS&#45;&gt;PathI.ModuleJ -->
<g id="edge3" class="edge">
<title>PathR.ModuleS&#45;&gt;PathI.ModuleJ</title>
<path fill="none" stroke="black" d="M131.5,-108.15C138.06,-118.08 145.38,-131.12 148.78,-144 152.85,-159.47 152.85,-164.53 148.78,-180 146.39,-189.06 142.06,-198.19 137.42,-206.27"/>
<polygon fill="black" stroke="black" points="134.58,-204.21 132.3,-214.56 140.54,-207.89 134.58,-204.21"/>
</g>
<!-- PathT.ModuleU -->
<g id="node4" class="node">
<title>PathT.ModuleU</title>
<g id="a_node4"><a xlink:href="local-PathT-ModuleU.html" xlink:title="PathT.ModuleU">
<ellipse fill="none" stroke="black" stroke-width="2" cx="118.78" cy="-18" rx="70.8" ry="18"/>
<text text-anchor="middle" x="118.78" y="-12.95" font-family="Times,serif" font-size="14.00" fill="blue">PathT.ModuleU</text>
</a>
</g>
</g>
<!-- PathR.ModuleS&#45;&gt;PathT.ModuleU -->
<g id="edge4" class="edge">
<title>PathR.ModuleS&#45;&gt;PathT.ModuleU</title>
<path fill="none" stroke="black" d="M118.78,-71.7C118.78,-64.41 118.78,-55.73 118.78,-47.54"/>
<polygon fill="black" stroke="black" points="122.28,-47.62 118.78,-37.62 115.28,-47.62 122.28,-47.62"/>
</g>
</g>
</svg>

    </div>
  </body>
</html>
