digraph detangled {
  bgcolor=lightgray
  "PathA.ModuleB" [fontcolor="blue" URL="local-PathA-ModuleB.html" label="PathA.ModuleB"]
  "PathC.ModuleD" [fontcolor="blue" URL="local-PathC-ModuleD.html" label="↻ PathC.ModuleD ↻ (5)"]
  "PathE.PathF.ModuleL" [fontcolor="blue" URL="local-PathE-PathF-ModuleL.html" label="↻ PathE.PathF.ModuleL ↻ (5)"]
  "PathE.PathF.ModuleM" [fontcolor="blue" URL="local-PathE-PathF-ModuleM.html" label="↻ PathE.PathF.ModuleM ↻ (5)"]
  "PathE.PathF.ModuleN" [fontcolor="blue" URL="local-PathE-PathF-ModuleN.html" label="↻ PathE.PathF.ModuleN ↻ (5)"]
  "PathE.PathF.ModuleO" [fontcolor="blue" URL="local-PathE-PathF-ModuleO.html" label="PathE.PathF.ModuleO"]
  "PathG.ModuleH" [fontcolor="blue" URL="local-PathG-ModuleH.html" label="↻ PathG.ModuleH ↻ (5)" style="bold"]
  "PathI.ModuleJ" [fontcolor="blue" URL="local-PathI-ModuleJ.html" label="PathI.ModuleJ"]
  "PathP.ModuleQ" [fontcolor="blue" URL="local-PathP-ModuleQ.html" label="PathP.ModuleQ"]
  "PathR.ModuleS" [fontcolor="blue" URL="local-PathR-ModuleS.html" label="PathR.ModuleS"]
  "PathA.ModuleB" -> "PathC.ModuleD"
  "PathC.ModuleD" -> "PathE.PathF.ModuleL"
  "PathE.PathF.ModuleL" -> "PathE.PathF.ModuleM"
  "PathE.PathF.ModuleM" -> "PathE.PathF.ModuleN"
  "PathE.PathF.ModuleN" -> "PathE.PathF.ModuleL"
  "PathE.PathF.ModuleN" -> "PathE.PathF.ModuleO"
  "PathE.PathF.ModuleN" -> "PathG.ModuleH"
  "PathG.ModuleH" -> "PathC.ModuleD"
  "PathG.ModuleH" -> "PathI.ModuleJ"
  "PathI.ModuleJ" -> "PathP.ModuleQ"
  "PathP.ModuleQ" -> "PathR.ModuleS"
  "PathR.ModuleS" -> "PathI.ModuleJ"
}
