<html>
  <head>
    <title>
      local-PathE-PathF-ModuleL
    </title>
    <link rel="stylesheet" href="reset.css">
    </link>
    <link rel="stylesheet" href="code-structure.css">
    </link>
  </head>
  <body>
    <h1>
      local-PathE-PathF-ModuleL
    </h1>
    <p>
      <a href="index.html">
        Table Of Contents
      </a>
    </p>
    <p>
      <a href="code-units.html">
        Code Units
      </a>
    </p>
    <p>
      <a href="https://github.com/SeanShubin/code_structure_sample_elixir/blob/master/lib/path_e/path_f/module_l.ex">
        Source
      </a>
    </p>
    <div>
      ---replace--with--local-PathE-PathF-ModuleL.svg---
    </div>
  </body>
</html>
