<html>
  <head>
    <title>
      Code Units
    </title>
    <link rel="stylesheet" href="reset.css">
    </link>
    <link rel="stylesheet" href="code-structure.css">
    </link>
  </head>
  <body>
    <h1>
      Code Units
    </h1>
    <p>
      <a href="index.html">
        Table Of Contents
      </a>
    </p>
    <p>
      names count: 14
    </p>
    <div class="column-3">
      <span>
        ClassE
      </span>
      <a href="group.html">
        group
      </a>
      <a href="local-ClassE.html">
        local
      </a>
      <span>
        ClassP
      </span>
      <a href="group.html">
        group
      </a>
      <a href="local-ClassP.html">
        local
      </a>
      <span>
        packagea.ClassB
      </span>
      <a href="group-packagea.html">
        group
      </a>
      <a href="local-packagea-ClassB.html">
        local
      </a>
      <span>
        packagec.ClassD
      </span>
      <a href="group-packagec.html">
        group
      </a>
      <a href="local-packagec-ClassD.html">
        local
      </a>
      <span>
        packagee.packagef.ClassK
      </span>
      <a href="group-packagee-packagef.html">
        group
      </a>
      <a href="local-packagee-packagef-ClassK.html">
        local
      </a>
      <span>
        packagee.packagef.ClassL
      </span>
      <a href="group-packagee-packagef.html">
        group
      </a>
      <a href="local-packagee-packagef-ClassL.html">
        local
      </a>
      <span>
        packagee.packagef.ClassM
      </span>
      <a href="group-packagee-packagef.html">
        group
      </a>
      <a href="local-packagee-packagef-ClassM.html">
        local
      </a>
      <span>
        packagee.packagef.ClassN
      </span>
      <a href="group-packagee-packagef.html">
        group
      </a>
      <a href="local-packagee-packagef-ClassN.html">
        local
      </a>
      <span>
        packagee.packagef.ClassO
      </span>
      <a href="group-packagee-packagef.html">
        group
      </a>
      <a href="local-packagee-packagef-ClassO.html">
        local
      </a>
      <span>
        packageg.ClassH
      </span>
      <a href="group-packageg.html">
        group
      </a>
      <a href="local-packageg-ClassH.html">
        local
      </a>
      <span>
        packagei.ClassJ
      </span>
      <a href="group-packagei.html">
        group
      </a>
      <a href="local-packagei-ClassJ.html">
        local
      </a>
      <span>
        packagep.ClassQ
      </span>
      <a href="group-packagep.html">
        group
      </a>
      <a href="local-packagep-ClassQ.html">
        local
      </a>
      <span>
        packager.ClassS
      </span>
      <a href="group-packager.html">
        group
      </a>
      <a href="local-packager-ClassS.html">
        local
      </a>
      <span>
        packaget.ClassU
      </span>
      <a href="group-packaget.html">
        group
      </a>
      <a href="local-packaget-ClassU.html">
        local
      </a>
    </div>
  </body>
</html>
