digraph detangled {
  bgcolor=lightgray
  "ClassB" [label="ClassB"]
}
