<html>
  <head>
    <title>
      group-cycle-0
    </title>
    <link rel="stylesheet" href="reset.css">
    </link>
    <link rel="stylesheet" href="code-structure.css">
    </link>
  </head>
  <body>
    <h1>
      group-cycle-0
    </h1>
    <p>
      <a href="index.html">
        Table Of Contents
      </a>
    </p>
    <p>
      <a href="group-cycles.html">
        Group Cycles
      </a>
    </p>
    <div>
      <?xml version="1.0" encoding="UTF-8" standalone="no"?>
<!DOCTYPE svg PUBLIC "-//W3C//DTD SVG 1.1//EN"
 "http://www.w3.org/Graphics/SVG/1.1/DTD/svg11.dtd">
<!-- Generated by graphviz version 8.0.2 (20230410.1723)
 -->
<!-- Title: detangled Pages: 1 -->
<svg width="132pt" height="188pt"
 viewBox="0.00 0.00 131.74 188.00" xmlns="http://www.w3.org/2000/svg" xmlns:xlink="http://www.w3.org/1999/xlink">
<g id="graph0" class="graph" transform="scale(1 1) rotate(0) translate(4 184)">
<title>detangled</title>
<polygon fill="lightgray" stroke="none" points="-4,4 -4,-184 127.74,-184 127.74,4 -4,4"/>
<!-- packagec -->
<g id="node1" class="node">
<title>packagec</title>
<ellipse fill="none" stroke="black" cx="79.55" cy="-162" rx="43.59" ry="18"/>
<text text-anchor="middle" x="79.55" y="-158.3" font-family="Times,serif" font-size="14.00">packagec</text>
</g>
<!-- packagee -->
<g id="node2" class="node">
<title>packagee</title>
<ellipse fill="none" stroke="black" cx="43.55" cy="-90" rx="43.59" ry="18"/>
<text text-anchor="middle" x="43.55" y="-86.3" font-family="Times,serif" font-size="14.00">packagee</text>
</g>
<!-- packagec&#45;&gt;packagee -->
<g id="edge1" class="edge">
<title>packagec&#45;&gt;packagee</title>
<path fill="none" stroke="black" d="M70.83,-144.05C66.72,-136.06 61.72,-126.33 57.12,-117.4"/>
<polygon fill="black" stroke="black" points="59.87,-116.08 52.18,-108.79 53.64,-119.28 59.87,-116.08"/>
</g>
<!-- packageg -->
<g id="node3" class="node">
<title>packageg</title>
<ellipse fill="none" stroke="black" cx="79.55" cy="-18" rx="44.39" ry="18"/>
<text text-anchor="middle" x="79.55" y="-14.3" font-family="Times,serif" font-size="14.00">packageg</text>
</g>
<!-- packagee&#45;&gt;packageg -->
<g id="edge2" class="edge">
<title>packagee&#45;&gt;packageg</title>
<path fill="none" stroke="black" d="M52.26,-72.05C56.37,-64.06 61.38,-54.33 65.97,-45.4"/>
<polygon fill="black" stroke="black" points="69.45,-47.28 70.91,-36.79 63.23,-44.08 69.45,-47.28"/>
</g>
<!-- packageg&#45;&gt;packagec -->
<g id="edge3" class="edge">
<title>packageg&#45;&gt;packagec</title>
<path fill="none" stroke="black" d="M86.44,-35.86C90.25,-46.12 94.6,-59.59 96.55,-72 99.02,-87.81 99.02,-92.19 96.55,-108 95.2,-116.63 92.68,-125.77 89.99,-133.99"/>
<polygon fill="black" stroke="black" points="86.44,-132.55 86.44,-143.14 93.04,-134.86 86.44,-132.55"/>
</g>
</g>
</svg>

    </div>
  </body>
</html>
