digraph detangled {
  bgcolor=lightgray
  "packagef" [fontcolor="blue" URL="group-packagee-packagef.html" label="packagef (5)"]
}
