<html>
  <head>
    <title>
      Ancestor depends on Descendant
    </title>
    <link rel="stylesheet" href="reset.css">
    </link>
    <link rel="stylesheet" href="code-structure.css">
    </link>
  </head>
  <body>
    <h1>
      Ancestor depends on Descendant
    </h1>
    <p>
      <a href="index.html">
        Table Of Contents
      </a>
    </p>
    <h2>
      Ancestor depends on Descendant
    </h2>
    <p>
      Ancestor depends on Descendant count: 1
    </p>
    <div class="column-2">
      <span>
        <a href="local-ClassP.html">
          ClassP
        </a>
      </span>
      <span>
        <a href="local-packagep.ClassQ.html">
          packagep.ClassQ
        </a>
      </span>
    </div>
  </body>
</html>
