<html>
  <head>
    <title>
      local-packagea-ClassB
    </title>
    <link rel="stylesheet" href="reset.css">
    </link>
    <link rel="stylesheet" href="code-structure.css">
    </link>
  </head>
  <body>
    <h1>
      local-packagea-ClassB
    </h1>
    <p>
      <a href="index.html">
        Table Of Contents
      </a>
    </p>
    <p>
      <a href="code-units.html">
        Code Units
      </a>
    </p>
    <p>
      <a href="https://github.com/SeanShubin/code-structure-sample-kotlin/blob/master/domain/src/main/kotlin/com/seanshubin/code/structure/sample/kotlin/domain/packagea/ClassB.kt">
        Source
      </a>
    </p>
    <div>
      <?xml version="1.0" encoding="UTF-8" standalone="no"?>
<!DOCTYPE svg PUBLIC "-//W3C//DTD SVG 1.1//EN"
 "http://www.w3.org/Graphics/SVG/1.1/DTD/svg11.dtd">
<!-- Generated by graphviz version 8.0.2 (20230410.1723)
 -->
<!-- Title: detangled Pages: 1 -->
<svg width="310pt" height="188pt"
 viewBox="0.00 0.00 310.34 188.00" xmlns="http://www.w3.org/2000/svg" xmlns:xlink="http://www.w3.org/1999/xlink">
<g id="graph0" class="graph" transform="scale(1 1) rotate(0) translate(4 184)">
<title>detangled</title>
<polygon fill="lightgray" stroke="none" points="-4,4 -4,-184 306.34,-184 306.34,4 -4,4"/>
<!-- packagea.ClassB -->
<g id="node1" class="node">
<title>packagea.ClassB</title>
<g id="a_node1"><a xlink:href="local-packagea-ClassB.html" xlink:title="packagea.ClassB">
<ellipse fill="none" stroke="black" stroke-width="2" cx="70.84" cy="-162" rx="70.69" ry="18"/>
<text text-anchor="middle" x="70.84" y="-158.3" font-family="Times,serif" font-size="14.00" fill="blue">packagea.ClassB</text>
</a>
</g>
</g>
<!-- packagec.ClassD -->
<g id="node2" class="node">
<title>packagec.ClassD</title>
<g id="a_node2"><a xlink:href="local-packagec-ClassD.html" xlink:title="packagec.ClassD">
<ellipse fill="none" stroke="black" cx="150.84" cy="-90" rx="71.49" ry="18"/>
<text text-anchor="middle" x="150.84" y="-86.3" font-family="Times,serif" font-size="14.00" fill="blue">packagec.ClassD</text>
</a>
</g>
</g>
<!-- packagea.ClassB&#45;&gt;packagec.ClassD -->
<g id="edge1" class="edge">
<title>packagea.ClassB&#45;&gt;packagec.ClassD</title>
<path fill="none" stroke="black" d="M89.8,-144.41C99.89,-135.58 112.48,-124.57 123.59,-114.84"/>
<polygon fill="black" stroke="black" points="125.52,-116.93 130.74,-107.71 120.91,-111.66 125.52,-116.93"/>
</g>
<!-- packagee.packagef.ClassL -->
<g id="node3" class="node">
<title>packagee.packagef.ClassL</title>
<g id="a_node3"><a xlink:href="local-packagee-packagef-ClassL.html" xlink:title="packagee.packagef.ClassL">
<ellipse fill="none" stroke="black" cx="150.84" cy="-18" rx="104.78" ry="18"/>
<text text-anchor="middle" x="150.84" y="-14.3" font-family="Times,serif" font-size="14.00" fill="blue">packagee.packagef.ClassL</text>
</a>
</g>
</g>
<!-- packagec.ClassD&#45;&gt;packagee.packagef.ClassL -->
<g id="edge2" class="edge">
<title>packagec.ClassD&#45;&gt;packagee.packagef.ClassL</title>
<path fill="none" stroke="black" d="M150.84,-71.7C150.84,-64.24 150.84,-55.32 150.84,-46.97"/>
<polygon fill="black" stroke="black" points="154.34,-47.1 150.84,-37.1 147.34,-47.1 154.34,-47.1"/>
</g>
<!-- packageg.ClassH -->
<g id="node4" class="node">
<title>packageg.ClassH</title>
<g id="a_node4"><a xlink:href="local-packageg-ClassH.html" xlink:title="packageg.ClassH">
<ellipse fill="none" stroke="black" cx="230.84" cy="-162" rx="71.49" ry="18"/>
<text text-anchor="middle" x="230.84" y="-158.3" font-family="Times,serif" font-size="14.00" fill="blue">packageg.ClassH</text>
</a>
</g>
</g>
<!-- packageg.ClassH&#45;&gt;packagec.ClassD -->
<g id="edge3" class="edge">
<title>packageg.ClassH&#45;&gt;packagec.ClassD</title>
<path fill="none" stroke="black" d="M211.88,-144.41C201.8,-135.58 189.21,-124.57 178.09,-114.84"/>
<polygon fill="black" stroke="black" points="180.77,-111.66 170.94,-107.71 176.16,-116.93 180.77,-111.66"/>
</g>
</g>
</svg>

    </div>
  </body>
</html>
