digraph detangled {
  bgcolor=lightgray
  "packagec.ClassD" [fontcolor="blue" URL="local-packagec.ClassD.html" label="packagec.ClassD"]
  "packagee.packagef.ClassK" [fontcolor="blue" URL="local-packagee.packagef.ClassK.html" label="packagee.packagef.ClassK" style="bold"]
  "packagee.packagef.ClassL" [fontcolor="blue" URL="local-packagee.packagef.ClassL.html" label="packagee.packagef.ClassL"]
  "packagee.packagef.ClassM" [fontcolor="blue" URL="local-packagee.packagef.ClassM.html" label="packagee.packagef.ClassM"]
  "packagee.packagef.ClassN" [fontcolor="blue" URL="local-packagee.packagef.ClassN.html" label="packagee.packagef.ClassN"]
  "packagec.ClassD" -> "packagee.packagef.ClassL"
  "packagee.packagef.ClassK" -> "packagee.packagef.ClassL"
  "packagee.packagef.ClassL" -> "packagee.packagef.ClassM"
  "packagee.packagef.ClassM" -> "packagee.packagef.ClassN"
  "packagee.packagef.ClassN" -> "packagee.packagef.ClassL"
}
