<html>
  <head>
    <title>
      local-ClassP
    </title>
    <link rel="stylesheet" href="reset.css">
    </link>
    <link rel="stylesheet" href="code-structure.css">
    </link>
  </head>
  <body>
    <h1>
      local-ClassP
    </h1>
    <p>
      <a href="index.html">
        Table Of Contents
      </a>
    </p>
    <p>
      <a href="names.html">
        Names
      </a>
    </p>
    <p>
      <a href="https://github.com/SeanShubin/code-structure-sample-kotlin/blob/master/domain/src/main/kotlin/com/seanshubin/code/structure/sample/kotlin/domain/ClassP.kt">
        Source
      </a>
    </p>
    <div>
      <?xml version="1.0" encoding="UTF-8" standalone="no"?>
<!DOCTYPE svg PUBLIC "-//W3C//DTD SVG 1.1//EN"
 "http://www.w3.org/Graphics/SVG/1.1/DTD/svg11.dtd">
<!-- Generated by graphviz version 8.0.2 (20230410.1723)
 -->
<!-- Title: detangled Pages: 1 -->
<svg width="196pt" height="260pt"
 viewBox="0.00 0.00 195.74 260.00" xmlns="http://www.w3.org/2000/svg" xmlns:xlink="http://www.w3.org/1999/xlink">
<g id="graph0" class="graph" transform="scale(1 1) rotate(0) translate(4 256)">
<title>detangled</title>
<polygon fill="lightgray" stroke="none" points="-4,4 -4,-256 191.74,-256 191.74,4 -4,4"/>
<!-- ClassP -->
<g id="node1" class="node">
<title>ClassP</title>
<g id="a_node1"><a xlink:href="local-ClassP.html" xlink:title="ClassP">
<ellipse fill="none" stroke="black" stroke-width="2" cx="71.49" cy="-234" rx="34.39" ry="18"/>
<text text-anchor="middle" x="71.49" y="-230.3" font-family="Times,serif" font-size="14.00" fill="blue">ClassP</text>
</a>
</g>
</g>
<!-- packagep.ClassQ -->
<g id="node3" class="node">
<title>packagep.ClassQ</title>
<g id="a_node3"><a xlink:href="local-packagep-ClassQ.html" xlink:title="packagep.ClassQ">
<ellipse fill="none" stroke="black" cx="71.49" cy="-162" rx="71.49" ry="18"/>
<text text-anchor="middle" x="71.49" y="-158.3" font-family="Times,serif" font-size="14.00" fill="blue">packagep.ClassQ</text>
</a>
</g>
</g>
<!-- ClassP&#45;&gt;packagep.ClassQ -->
<g id="edge1" class="edge">
<title>ClassP&#45;&gt;packagep.ClassQ</title>
<path fill="none" stroke="black" d="M71.49,-215.7C71.49,-208.24 71.49,-199.32 71.49,-190.97"/>
<polygon fill="black" stroke="black" points="74.99,-191.1 71.49,-181.1 67.99,-191.1 74.99,-191.1"/>
</g>
<!-- packagei.ClassJ -->
<g id="node2" class="node">
<title>packagei.ClassJ</title>
<g id="a_node2"><a xlink:href="local-packagei-ClassJ.html" xlink:title="packagei.ClassJ">
<ellipse fill="none" stroke="black" cx="71.49" cy="-18" rx="66.89" ry="18"/>
<text text-anchor="middle" x="71.49" y="-14.3" font-family="Times,serif" font-size="14.00" fill="blue">packagei.ClassJ</text>
</a>
</g>
</g>
<!-- packagei.ClassJ&#45;&gt;packagep.ClassQ -->
<g id="edge2" class="edge">
<title>packagei.ClassJ&#45;&gt;packagep.ClassQ</title>
<path fill="none" stroke="black" d="M59.49,-35.74C53.07,-45.74 45.82,-58.99 42.49,-72 38.53,-87.5 38.53,-92.5 42.49,-108 44.82,-117.1 49.07,-126.32 53.61,-134.47"/>
<polygon fill="black" stroke="black" points="51.05,-136 59.19,-142.78 57.06,-132.41 51.05,-136"/>
</g>
<!-- packager.ClassS -->
<g id="node4" class="node">
<title>packager.ClassS</title>
<g id="a_node4"><a xlink:href="local-packager-ClassS.html" xlink:title="packager.ClassS">
<ellipse fill="none" stroke="black" cx="119.49" cy="-90" rx="68.49" ry="18"/>
<text text-anchor="middle" x="119.49" y="-86.3" font-family="Times,serif" font-size="14.00" fill="blue">packager.ClassS</text>
</a>
</g>
</g>
<!-- packagep.ClassQ&#45;&gt;packager.ClassS -->
<g id="edge3" class="edge">
<title>packagep.ClassQ&#45;&gt;packager.ClassS</title>
<path fill="none" stroke="black" d="M83.11,-144.05C88.71,-135.89 95.55,-125.91 101.79,-116.82"/>
<polygon fill="black" stroke="black" points="105.21,-119.02 107.98,-108.79 99.44,-115.06 105.21,-119.02"/>
</g>
<!-- packager.ClassS&#45;&gt;packagei.ClassJ -->
<g id="edge4" class="edge">
<title>packager.ClassS&#45;&gt;packagei.ClassJ</title>
<path fill="none" stroke="black" d="M107.87,-72.05C102.27,-63.89 95.43,-53.91 89.2,-44.82"/>
<polygon fill="black" stroke="black" points="91.55,-43.06 83.01,-36.79 85.77,-47.02 91.55,-43.06"/>
</g>
</g>
</svg>

    </div>
  </body>
</html>
