<html>
  <head>
    <title>
      local-packagee-packagef-ClassN
    </title>
    <link rel="stylesheet" href="reset.css">
    </link>
    <link rel="stylesheet" href="code-structure.css">
    </link>
  </head>
  <body>
    <h1>
      local-packagee-packagef-ClassN
    </h1>
    <p>
      <a href="index.html">
        Table Of Contents
      </a>
    </p>
    <p>
      <a href="code-units.html">
        Code Units
      </a>
    </p>
    <p>
      <a href="https://github.com/SeanShubin/code-structure-sample-kotlin/blob/master/domain/src/main/kotlin/com/seanshubin/code/structure/sample/kotlin/domain/packagee/packagef/ClassN.kt">
        Source
      </a>
    </p>
    <div>
      ---replace--with--local-packagee-packagef-ClassN.svg---
    </div>
  </body>
</html>
