<html>
  <head>
    <title>
      local-packaget-ClassU
    </title>
    <link rel="stylesheet" href="reset.css">
    </link>
    <link rel="stylesheet" href="code-structure.css">
    </link>
  </head>
  <body>
    <h1>
      local-packaget-ClassU
    </h1>
    <p>
      <a href="index.html">
        Table Of Contents
      </a>
    </p>
    <p>
      <a href="names.html">
        Names
      </a>
    </p>
    <p>
      <a href="https://github.com/SeanShubin/code-structure-sample-kotlin/blob/master/domain/src/main/kotlin/com/seanshubin/code/structure/sample/kotlin/domain/packaget/ClassU.kt">
        Source
      </a>
    </p>
    <div>
      ---replace--with--local-packaget-ClassU.svg---
    </div>
  </body>
</html>
