digraph detangled {
  bgcolor=lightgray
  "ModuleS" [label="ModuleS"]
}
