<html>
  <head>
    <title>
      local-PathE.PathF.ModuleN
    </title>
    <link rel="stylesheet" href="reset.css">
    </link>
    <link rel="stylesheet" href="code-structure.css">
    </link>
  </head>
  <body>
    <h1>
      local-PathE.PathF.ModuleN
    </h1>
    <p>
      <a href="index.html">
        Table Of Contents
      </a>
    </p>
    <p>
      <a href="local.html">
        Local
      </a>
    </p>
    <div>
      <?xml version="1.0" encoding="UTF-8" standalone="no"?>
<!DOCTYPE svg PUBLIC "-//W3C//DTD SVG 1.1//EN"
 "http://www.w3.org/Graphics/SVG/1.1/DTD/svg11.dtd">
<!-- Generated by graphviz version 8.0.2 (20230410.1723)
 -->
<!-- Title: detangled Pages: 1 -->
<svg width="430pt" height="404pt"
 viewBox="0.00 0.00 430.38 404.00" xmlns="http://www.w3.org/2000/svg" xmlns:xlink="http://www.w3.org/1999/xlink">
<g id="graph0" class="graph" transform="scale(1 1) rotate(0) translate(4 400)">
<title>detangled</title>
<polygon fill="lightgray" stroke="none" points="-4,4 -4,-400 426.38,-400 426.38,4 -4,4"/>
<!-- PathC.ModuleD -->
<g id="node1" class="node">
<title>PathC.ModuleD</title>
<g id="a_node1"><a xlink:href="local-PathC.ModuleD.html" xlink:title="↻ PathC.ModuleD ↻ (5)">
<ellipse fill="none" stroke="black" cx="324.89" cy="-378" rx="96.68" ry="18"/>
<text text-anchor="middle" x="324.89" y="-374.3" font-family="Times,serif" font-size="14.00" fill="blue">↻ PathC.ModuleD ↻ (5)</text>
</a>
</g>
</g>
<!-- PathE.PathF.ModuleL -->
<g id="node3" class="node">
<title>PathE.PathF.ModuleL</title>
<g id="a_node3"><a xlink:href="local-PathE.PathF.ModuleL.html" xlink:title="↻ PathE.PathF.ModuleL ↻ (5)">
<ellipse fill="none" stroke="black" cx="150.89" cy="-306" rx="118.08" ry="18"/>
<text text-anchor="middle" x="150.89" y="-302.3" font-family="Times,serif" font-size="14.00" fill="blue">↻ PathE.PathF.ModuleL ↻ (5)</text>
</a>
</g>
</g>
<!-- PathC.ModuleD&#45;&gt;PathE.PathF.ModuleL -->
<g id="edge1" class="edge">
<title>PathC.ModuleD&#45;&gt;PathE.PathF.ModuleL</title>
<path fill="none" stroke="black" d="M285.41,-361.12C260.51,-351.1 228.13,-338.07 201.37,-327.31"/>
<polygon fill="black" stroke="black" points="203.01,-323.79 192.42,-323.31 200.39,-330.29 203.01,-323.79"/>
</g>
<!-- PathE.PathF.ModuleK -->
<g id="node2" class="node">
<title>PathE.PathF.ModuleK</title>
<g id="a_node2"><a xlink:href="local-PathE.PathF.ModuleK.html" xlink:title="PathE.PathF.ModuleK">
<ellipse fill="none" stroke="black" cx="118.89" cy="-378" rx="90.98" ry="18"/>
<text text-anchor="middle" x="118.89" y="-374.3" font-family="Times,serif" font-size="14.00" fill="blue">PathE.PathF.ModuleK</text>
</a>
</g>
</g>
<!-- PathE.PathF.ModuleK&#45;&gt;PathE.PathF.ModuleL -->
<g id="edge2" class="edge">
<title>PathE.PathF.ModuleK&#45;&gt;PathE.PathF.ModuleL</title>
<path fill="none" stroke="black" d="M126.8,-359.7C130.36,-351.9 134.66,-342.51 138.62,-333.83"/>
<polygon fill="black" stroke="black" points="142.1,-335.65 143.07,-325.1 135.73,-332.74 142.1,-335.65"/>
</g>
<!-- PathE.PathF.ModuleM -->
<g id="node4" class="node">
<title>PathE.PathF.ModuleM</title>
<g id="a_node4"><a xlink:href="local-PathE.PathF.ModuleM.html" xlink:title="↻ PathE.PathF.ModuleM ↻ (5)">
<ellipse fill="none" stroke="black" cx="120.89" cy="-234" rx="120.78" ry="18"/>
<text text-anchor="middle" x="120.89" y="-230.3" font-family="Times,serif" font-size="14.00" fill="blue">↻ PathE.PathF.ModuleM ↻ (5)</text>
</a>
</g>
</g>
<!-- PathE.PathF.ModuleL&#45;&gt;PathE.PathF.ModuleM -->
<g id="edge3" class="edge">
<title>PathE.PathF.ModuleL&#45;&gt;PathE.PathF.ModuleM</title>
<path fill="none" stroke="black" d="M143.47,-287.7C140.17,-279.98 136.19,-270.71 132.51,-262.11"/>
<polygon fill="black" stroke="black" points="135.38,-260.92 128.22,-253.1 128.94,-263.67 135.38,-260.92"/>
</g>
<!-- PathE.PathF.ModuleN -->
<g id="node5" class="node">
<title>PathE.PathF.ModuleN</title>
<g id="a_node5"><a xlink:href="local-PathE.PathF.ModuleN.html" xlink:title="↻ PathE.PathF.ModuleN ↻ (5)">
<ellipse fill="none" stroke="black" stroke-width="2" cx="135.89" cy="-162" rx="118.88" ry="18"/>
<text text-anchor="middle" x="135.89" y="-158.3" font-family="Times,serif" font-size="14.00" fill="blue">↻ PathE.PathF.ModuleN ↻ (5)</text>
</a>
</g>
</g>
<!-- PathE.PathF.ModuleM&#45;&gt;PathE.PathF.ModuleN -->
<g id="edge4" class="edge">
<title>PathE.PathF.ModuleM&#45;&gt;PathE.PathF.ModuleN</title>
<path fill="none" stroke="black" d="M124.6,-215.7C126.21,-208.15 128.15,-199.12 129.96,-190.68"/>
<polygon fill="black" stroke="black" points="133.55,-191.62 132.22,-181.1 126.71,-190.15 133.55,-191.62"/>
</g>
<!-- PathE.PathF.ModuleN&#45;&gt;PathE.PathF.ModuleL -->
<g id="edge5" class="edge">
<title>PathE.PathF.ModuleN&#45;&gt;PathE.PathF.ModuleL</title>
<path fill="none" stroke="black" d="M199.05,-177.55C219.1,-185.47 239.1,-197.58 250.89,-216 259.52,-229.47 259.14,-238.29 250.89,-252 242.29,-266.29 228.39,-276.94 213.66,-284.78"/>
<polygon fill="black" stroke="black" points="212.36,-282 204.91,-289.53 215.43,-288.3 212.36,-282"/>
</g>
<!-- PathE.PathF.ModuleO -->
<g id="node6" class="node">
<title>PathE.PathF.ModuleO</title>
<g id="a_node6"><a xlink:href="local-PathE.PathF.ModuleO.html" xlink:title="PathE.PathF.ModuleO">
<ellipse fill="none" stroke="black" cx="118.89" cy="-90" rx="90.98" ry="18"/>
<text text-anchor="middle" x="118.89" y="-86.3" font-family="Times,serif" font-size="14.00" fill="blue">PathE.PathF.ModuleO</text>
</a>
</g>
</g>
<!-- PathE.PathF.ModuleN&#45;&gt;PathE.PathF.ModuleO -->
<g id="edge6" class="edge">
<title>PathE.PathF.ModuleN&#45;&gt;PathE.PathF.ModuleO</title>
<path fill="none" stroke="black" d="M131.69,-143.7C129.85,-136.15 127.66,-127.12 125.61,-118.68"/>
<polygon fill="black" stroke="black" points="128.8,-118 123.04,-109.1 122,-119.65 128.8,-118"/>
</g>
<!-- PathG.ModuleH -->
<g id="node7" class="node">
<title>PathG.ModuleH</title>
<g id="a_node7"><a xlink:href="local-PathG.ModuleH.html" xlink:title="↻ PathG.ModuleH ↻ (5)">
<ellipse fill="none" stroke="black" cx="324.89" cy="-90" rx="97.48" ry="18"/>
<text text-anchor="middle" x="324.89" y="-86.3" font-family="Times,serif" font-size="14.00" fill="blue">↻ PathG.ModuleH ↻ (5)</text>
</a>
</g>
</g>
<!-- PathE.PathF.ModuleN&#45;&gt;PathG.ModuleH -->
<g id="edge7" class="edge">
<title>PathE.PathF.ModuleN&#45;&gt;PathG.ModuleH</title>
<path fill="none" stroke="black" d="M179.25,-144.94C207.03,-134.65 243.26,-121.23 272.63,-110.36"/>
<polygon fill="black" stroke="black" points="273.54,-113.38 281.71,-106.62 271.11,-106.81 273.54,-113.38"/>
</g>
<!-- PathG.ModuleH&#45;&gt;PathC.ModuleD -->
<g id="edge8" class="edge">
<title>PathG.ModuleH&#45;&gt;PathC.ModuleD</title>
<path fill="none" stroke="black" d="M324.89,-108.23C324.89,-155.94 324.89,-290.09 324.89,-348.84"/>
<polygon fill="black" stroke="black" points="321.39,-348.54 324.89,-358.54 328.39,-348.54 321.39,-348.54"/>
</g>
<!-- PathI.ModuleJ -->
<g id="node8" class="node">
<title>PathI.ModuleJ</title>
<g id="a_node8"><a xlink:href="local-PathI.ModuleJ.html" xlink:title="PathI.ModuleJ">
<ellipse fill="none" stroke="black" cx="324.89" cy="-18" rx="63.09" ry="18"/>
<text text-anchor="middle" x="324.89" y="-14.3" font-family="Times,serif" font-size="14.00" fill="blue">PathI.ModuleJ</text>
</a>
</g>
</g>
<!-- PathG.ModuleH&#45;&gt;PathI.ModuleJ -->
<g id="edge9" class="edge">
<title>PathG.ModuleH&#45;&gt;PathI.ModuleJ</title>
<path fill="none" stroke="black" d="M324.89,-71.7C324.89,-64.24 324.89,-55.32 324.89,-46.97"/>
<polygon fill="black" stroke="black" points="328.39,-47.1 324.89,-37.1 321.39,-47.1 328.39,-47.1"/>
</g>
</g>
</svg>

    </div>
  </body>
</html>
