<html>
  <head>
    <title>
      local-PathT.ModuleU
    </title>
    <link rel="stylesheet" href="reset.css">
    </link>
    <link rel="stylesheet" href="code-structure.css">
    </link>
  </head>
  <body>
    <h1>
      local-PathT.ModuleU
    </h1>
    <p>
      <a href="index.html">
        Table Of Contents
      </a>
    </p>
    <p>
      <a href="local.html">
        Local
      </a>
    </p>
    <div>
      <?xml version="1.0" encoding="UTF-8" standalone="no"?>
<!DOCTYPE svg PUBLIC "-//W3C//DTD SVG 1.1//EN"
 "http://www.w3.org/Graphics/SVG/1.1/DTD/svg11.dtd">
<!-- Generated by graphviz version 8.0.2 (20230410.1723)
 -->
<!-- Title: detangled Pages: 1 -->
<svg width="190pt" height="260pt"
 viewBox="0.00 0.00 189.54 260.00" xmlns="http://www.w3.org/2000/svg" xmlns:xlink="http://www.w3.org/1999/xlink">
<g id="graph0" class="graph" transform="scale(1 1) rotate(0) translate(4 256)">
<title>detangled</title>
<polygon fill="lightgray" stroke="none" points="-4,4 -4,-256 185.54,-256 185.54,4 -4,4"/>
<!-- PathI.ModuleJ -->
<g id="node1" class="node">
<title>PathI.ModuleJ</title>
<g id="a_node1"><a xlink:href="local-PathI.ModuleJ.html" xlink:title="PathI.ModuleJ">
<ellipse fill="none" stroke="black" cx="113.94" cy="-234" rx="63.09" ry="18"/>
<text text-anchor="middle" x="113.94" y="-230.3" font-family="Times,serif" font-size="14.00" fill="blue">PathI.ModuleJ</text>
</a>
</g>
</g>
<!-- PathP.ModuleQ -->
<g id="node2" class="node">
<title>PathP.ModuleQ</title>
<g id="a_node2"><a xlink:href="local-PathP.ModuleQ.html" xlink:title="PathP.ModuleQ">
<ellipse fill="none" stroke="black" cx="66.94" cy="-162" rx="66.89" ry="18"/>
<text text-anchor="middle" x="66.94" y="-158.3" font-family="Times,serif" font-size="14.00" fill="blue">PathP.ModuleQ</text>
</a>
</g>
</g>
<!-- PathI.ModuleJ&#45;&gt;PathP.ModuleQ -->
<g id="edge1" class="edge">
<title>PathI.ModuleJ&#45;&gt;PathP.ModuleQ</title>
<path fill="none" stroke="black" d="M102.57,-216.05C97.08,-207.89 90.38,-197.91 84.28,-188.82"/>
<polygon fill="black" stroke="black" points="86.7,-187.14 78.22,-180.79 80.89,-191.04 86.7,-187.14"/>
</g>
<!-- PathR.ModuleS -->
<g id="node3" class="node">
<title>PathR.ModuleS</title>
<g id="a_node3"><a xlink:href="local-PathR.ModuleS.html" xlink:title="PathR.ModuleS">
<ellipse fill="none" stroke="black" cx="113.94" cy="-90" rx="67.69" ry="18"/>
<text text-anchor="middle" x="113.94" y="-86.3" font-family="Times,serif" font-size="14.00" fill="blue">PathR.ModuleS</text>
</a>
</g>
</g>
<!-- PathP.ModuleQ&#45;&gt;PathR.ModuleS -->
<g id="edge2" class="edge">
<title>PathP.ModuleQ&#45;&gt;PathR.ModuleS</title>
<path fill="none" stroke="black" d="M78.32,-144.05C83.81,-135.89 90.5,-125.91 96.6,-116.82"/>
<polygon fill="black" stroke="black" points="100,-119.04 102.67,-108.79 94.19,-115.14 100,-119.04"/>
</g>
<!-- PathR.ModuleS&#45;&gt;PathI.ModuleJ -->
<g id="edge3" class="edge">
<title>PathR.ModuleS&#45;&gt;PathI.ModuleJ</title>
<path fill="none" stroke="black" d="M125.95,-107.74C132.37,-117.74 139.62,-130.99 142.94,-144 146.91,-159.5 146.91,-164.5 142.94,-180 140.58,-189.25 136.23,-198.62 131.61,-206.85"/>
<polygon fill="black" stroke="black" points="128.11,-204.88 125.95,-215.26 134.11,-208.49 128.11,-204.88"/>
</g>
<!-- PathT.ModuleU -->
<g id="node4" class="node">
<title>PathT.ModuleU</title>
<g id="a_node4"><a xlink:href="local-PathT.ModuleU.html" xlink:title="PathT.ModuleU">
<ellipse fill="none" stroke="black" stroke-width="2" cx="113.94" cy="-18" rx="67.69" ry="18"/>
<text text-anchor="middle" x="113.94" y="-14.3" font-family="Times,serif" font-size="14.00" fill="blue">PathT.ModuleU</text>
</a>
</g>
</g>
<!-- PathR.ModuleS&#45;&gt;PathT.ModuleU -->
<g id="edge4" class="edge">
<title>PathR.ModuleS&#45;&gt;PathT.ModuleU</title>
<path fill="none" stroke="black" d="M113.94,-71.7C113.94,-64.24 113.94,-55.32 113.94,-46.97"/>
<polygon fill="black" stroke="black" points="117.44,-47.1 113.94,-37.1 110.44,-47.1 117.44,-47.1"/>
</g>
</g>
</svg>

    </div>
  </body>
</html>
