digraph detangled {
  bgcolor=lightgray
  "ModuleE" [fontcolor="blue" URL="local-ModuleE.html" label="ModuleE" style="bold"]
  "PathE.PathF.ModuleL" [fontcolor="blue" URL="local-PathE.PathF.ModuleL.html" label="PathE.PathF.ModuleL"]
  "PathE.PathF.ModuleM" [fontcolor="blue" URL="local-PathE.PathF.ModuleM.html" label="PathE.PathF.ModuleM"]
  "PathE.PathF.ModuleN" [fontcolor="blue" URL="local-PathE.PathF.ModuleN.html" label="PathE.PathF.ModuleN"]
  "PathE.PathF.ModuleL" -> "PathE.PathF.ModuleM"
  "PathE.PathF.ModuleM" -> "ModuleE"
  "PathE.PathF.ModuleM" -> "PathE.PathF.ModuleN"
  "PathE.PathF.ModuleN" -> "PathE.PathF.ModuleL"
}
