<html>
  <head>
    <title>
      Timing
    </title>
    <link rel="stylesheet" href="reset.css">
    </link>
    <link rel="stylesheet" href="code-structure.css">
    </link>
  </head>
  <body>
    <h1>
      Timing
    </h1>
    <p>
      <a href="index.html">
        Table Of Contents
      </a>
    </p>
    <table>
      <thead>
        <tr>
          <th>
            category
          </th>
          <th>
            count
          </th>
          <th>
            total
          </th>
          <th>
            median
          </th>
          <th>
            min
          </th>
          <th>
            max
          </th>
        </tr>
      </thead>
      <tbody>
        <tr>
          <td>
            commands
          </td>
          <td>
            1
          </td>
          <td>
            4 seconds 610 milliseconds
          </td>
          <td>
            4 seconds 610 milliseconds
          </td>
          <td>
            4 seconds 610 milliseconds
          </td>
          <td>
            4 seconds 610 milliseconds
          </td>
        </tr>
        <tr>
          <td>
            GenerateSvgCommand
          </td>
          <td>
            15
          </td>
          <td>
            4 seconds 511 milliseconds
          </td>
          <td>
            296 milliseconds
          </td>
          <td>
            252 milliseconds
          </td>
          <td>
            363 milliseconds
          </td>
        </tr>
        <tr>
          <td>
            observations
          </td>
          <td>
            1
          </td>
          <td>
            133 milliseconds
          </td>
          <td>
            133 milliseconds
          </td>
          <td>
            133 milliseconds
          </td>
          <td>
            133 milliseconds
          </td>
        </tr>
        <tr>
          <td>
            reports
          </td>
          <td>
            1
          </td>
          <td>
            75 milliseconds
          </td>
          <td>
            75 milliseconds
          </td>
          <td>
            75 milliseconds
          </td>
          <td>
            75 milliseconds
          </td>
        </tr>
        <tr>
          <td>
            CreateFileCommand
          </td>
          <td>
            39
          </td>
          <td>
            40 milliseconds
          </td>
          <td>
            0 milliseconds
          </td>
          <td>
            0 milliseconds
          </td>
          <td>
            4 milliseconds
          </td>
        </tr>
        <tr>
          <td>
            SubstituteFromFileCommand
          </td>
          <td>
            15
          </td>
          <td>
            20 milliseconds
          </td>
          <td>
            1 millisecond
          </td>
          <td>
            0 milliseconds
          </td>
          <td>
            2 milliseconds
          </td>
        </tr>
        <tr>
          <td>
            analysis
          </td>
          <td>
            1
          </td>
          <td>
            15 milliseconds
          </td>
          <td>
            15 milliseconds
          </td>
          <td>
            15 milliseconds
          </td>
          <td>
            15 milliseconds
          </td>
        </tr>
        <tr>
          <td>
            validation
          </td>
          <td>
            1
          </td>
          <td>
            0 milliseconds
          </td>
          <td>
            0 milliseconds
          </td>
          <td>
            0 milliseconds
          </td>
          <td>
            0 milliseconds
          </td>
        </tr>
      </tbody>
    </table>
    <p>
      event count: 74
    </p>
    <table>
      <thead>
        <tr>
          <th>
            category
          </th>
          <th>
            duration
          </th>
          <th>
            caption
          </th>
        </tr>
      </thead>
      <tbody>
        <tr>
          <td>
            observations
          </td>
          <td>
            133 milliseconds
          </td>
          <td>
            observations
          </td>
        </tr>
        <tr>
          <td>
            analysis
          </td>
          <td>
            15 milliseconds
          </td>
          <td>
            analysis
          </td>
        </tr>
        <tr>
          <td>
            validation
          </td>
          <td>
            0 milliseconds
          </td>
          <td>
            validation
          </td>
        </tr>
        <tr>
          <td>
            reports
          </td>
          <td>
            75 milliseconds
          </td>
          <td>
            reports
          </td>
        </tr>
        <tr>
          <td>
            CreateFileCommand
          </td>
          <td>
            1 millisecond
          </td>
          <td>
            CreateFileCommand(path = target/regression-test-elixir/reports/reset.css, line count = 54)
          </td>
        </tr>
        <tr>
          <td>
            CreateFileCommand
          </td>
          <td>
            4 milliseconds
          </td>
          <td>
            CreateFileCommand(path = target/regression-test-elixir/reports/code-structure.css, line count = 74)
          </td>
        </tr>
        <tr>
          <td>
            CreateFileCommand
          </td>
          <td>
            3 milliseconds
          </td>
          <td>
            CreateFileCommand(path = target/regression-test-elixir/reports/_index.html, line count = 8)
          </td>
        </tr>
        <tr>
          <td>
            CreateFileCommand
          </td>
          <td>
            0 milliseconds
          </td>
          <td>
            CreateFileCommand(path = target/regression-test-elixir/reports/index.html, line count = 39)
          </td>
        </tr>
        <tr>
          <td>
            CreateFileCommand
          </td>
          <td>
            1 millisecond
          </td>
          <td>
            CreateFileCommand(path = target/regression-test-elixir/reports/sources.html, line count = 158)
          </td>
        </tr>
        <tr>
          <td>
            CreateFileCommand
          </td>
          <td>
            1 millisecond
          </td>
          <td>
            CreateFileCommand(path = target/regression-test-elixir/reports/binaries.html, line count = 266)
          </td>
        </tr>
        <tr>
          <td>
            CreateFileCommand
          </td>
          <td>
            1 millisecond
          </td>
          <td>
            CreateFileCommand(path = target/regression-test-elixir/reports/entry-points.html, line count = 32)
          </td>
        </tr>
        <tr>
          <td>
            CreateFileCommand
          </td>
          <td>
            1 millisecond
          </td>
          <td>
            CreateFileCommand(path = target/regression-test-elixir/reports/cycles.html, line count = 74)
          </td>
        </tr>
        <tr>
          <td>
            CreateFileCommand
          </td>
          <td>
            1 millisecond
          </td>
          <td>
            CreateFileCommand(path = target/regression-test-elixir/reports/cycle-0.txt, line count = 14)
          </td>
        </tr>
        <tr>
          <td>
            GenerateSvgCommand
          </td>
          <td>
            321 milliseconds
          </td>
          <td>
            GenerateSvgCommand(input = target/regression-test-elixir/reports/cycle-0.txt, output = target/regression-test-elixir/reports/cycle-0.svg)
          </td>
        </tr>
        <tr>
          <td>
            CreateFileCommand
          </td>
          <td>
            1 millisecond
          </td>
          <td>
            CreateFileCommand(path = target/regression-test-elixir/reports/cycle-0--template.html, line count = 29)
          </td>
        </tr>
        <tr>
          <td>
            SubstituteFromFileCommand
          </td>
          <td>
            1 millisecond
          </td>
          <td>
            SubstituteFromFileCommand(templateFile = target/regression-test-elixir/reports/cycle-0--template.html, searchText = '---replace--with--cycle-0.svg---', replaceFile = target/regression-test-elixir/reports/cycle-0.svg, destinationFile = target/regression-test-elixir/reports/cycle-0.html)
          </td>
        </tr>
        <tr>
          <td>
            CreateFileCommand
          </td>
          <td>
            1 millisecond
          </td>
          <td>
            CreateFileCommand(path = target/regression-test-elixir/reports/cycle-1.txt, line count = 9)
          </td>
        </tr>
        <tr>
          <td>
            GenerateSvgCommand
          </td>
          <td>
            363 milliseconds
          </td>
          <td>
            GenerateSvgCommand(input = target/regression-test-elixir/reports/cycle-1.txt, output = target/regression-test-elixir/reports/cycle-1.svg)
          </td>
        </tr>
        <tr>
          <td>
            CreateFileCommand
          </td>
          <td>
            1 millisecond
          </td>
          <td>
            CreateFileCommand(path = target/regression-test-elixir/reports/cycle-1--template.html, line count = 29)
          </td>
        </tr>
        <tr>
          <td>
            SubstituteFromFileCommand
          </td>
          <td>
            1 millisecond
          </td>
          <td>
            SubstituteFromFileCommand(templateFile = target/regression-test-elixir/reports/cycle-1--template.html, searchText = '---replace--with--cycle-1.svg---', replaceFile = target/regression-test-elixir/reports/cycle-1.svg, destinationFile = target/regression-test-elixir/reports/cycle-1.html)
          </td>
        </tr>
        <tr>
          <td>
            CreateFileCommand
          </td>
          <td>
            0 milliseconds
          </td>
          <td>
            CreateFileCommand(path = target/regression-test-elixir/reports/local.html, line count = 62)
          </td>
        </tr>
        <tr>
          <td>
            CreateFileCommand
          </td>
          <td>
            1 millisecond
          </td>
          <td>
            CreateFileCommand(path = target/regression-test-elixir/reports/local-PathA.ModuleB.txt, line count = 10)
          </td>
        </tr>
        <tr>
          <td>
            GenerateSvgCommand
          </td>
          <td>
            320 milliseconds
          </td>
          <td>
            GenerateSvgCommand(input = target/regression-test-elixir/reports/local-PathA.ModuleB.txt, output = target/regression-test-elixir/reports/local-PathA.ModuleB.svg)
          </td>
        </tr>
        <tr>
          <td>
            CreateFileCommand
          </td>
          <td>
            0 milliseconds
          </td>
          <td>
            CreateFileCommand(path = target/regression-test-elixir/reports/local-PathA.ModuleB--template.html, line count = 29)
          </td>
        </tr>
        <tr>
          <td>
            SubstituteFromFileCommand
          </td>
          <td>
            0 milliseconds
          </td>
          <td>
            SubstituteFromFileCommand(templateFile = target/regression-test-elixir/reports/local-PathA.ModuleB--template.html, searchText = '---replace--with--local-PathA.ModuleB.svg---', replaceFile = target/regression-test-elixir/reports/local-PathA.ModuleB.svg, destinationFile = target/regression-test-elixir/reports/local-PathA.ModuleB.html)
          </td>
        </tr>
        <tr>
          <td>
            CreateFileCommand
          </td>
          <td>
            0 milliseconds
          </td>
          <td>
            CreateFileCommand(path = target/regression-test-elixir/reports/local-PathC.ModuleD.txt, line count = 20)
          </td>
        </tr>
        <tr>
          <td>
            GenerateSvgCommand
          </td>
          <td>
            344 milliseconds
          </td>
          <td>
            GenerateSvgCommand(input = target/regression-test-elixir/reports/local-PathC.ModuleD.txt, output = target/regression-test-elixir/reports/local-PathC.ModuleD.svg)
          </td>
        </tr>
        <tr>
          <td>
            CreateFileCommand
          </td>
          <td>
            0 milliseconds
          </td>
          <td>
            CreateFileCommand(path = target/regression-test-elixir/reports/local-PathC.ModuleD--template.html, line count = 29)
          </td>
        </tr>
        <tr>
          <td>
            SubstituteFromFileCommand
          </td>
          <td>
            2 milliseconds
          </td>
          <td>
            SubstituteFromFileCommand(templateFile = target/regression-test-elixir/reports/local-PathC.ModuleD--template.html, searchText = '---replace--with--local-PathC.ModuleD.svg---', replaceFile = target/regression-test-elixir/reports/local-PathC.ModuleD.svg, destinationFile = target/regression-test-elixir/reports/local-PathC.ModuleD.html)
          </td>
        </tr>
        <tr>
          <td>
            CreateFileCommand
          </td>
          <td>
            0 milliseconds
          </td>
          <td>
            CreateFileCommand(path = target/regression-test-elixir/reports/local-PathE.PathF.ModuleK.txt, line count = 13)
          </td>
        </tr>
        <tr>
          <td>
            GenerateSvgCommand
          </td>
          <td>
            267 milliseconds
          </td>
          <td>
            GenerateSvgCommand(input = target/regression-test-elixir/reports/local-PathE.PathF.ModuleK.txt, output = target/regression-test-elixir/reports/local-PathE.PathF.ModuleK.svg)
          </td>
        </tr>
        <tr>
          <td>
            CreateFileCommand
          </td>
          <td>
            0 milliseconds
          </td>
          <td>
            CreateFileCommand(path = target/regression-test-elixir/reports/local-PathE.PathF.ModuleK--template.html, line count = 29)
          </td>
        </tr>
        <tr>
          <td>
            SubstituteFromFileCommand
          </td>
          <td>
            1 millisecond
          </td>
          <td>
            SubstituteFromFileCommand(templateFile = target/regression-test-elixir/reports/local-PathE.PathF.ModuleK--template.html, searchText = '---replace--with--local-PathE.PathF.ModuleK.svg---', replaceFile = target/regression-test-elixir/reports/local-PathE.PathF.ModuleK.svg, destinationFile = target/regression-test-elixir/reports/local-PathE.PathF.ModuleK.html)
          </td>
        </tr>
        <tr>
          <td>
            CreateFileCommand
          </td>
          <td>
            0 milliseconds
          </td>
          <td>
            CreateFileCommand(path = target/regression-test-elixir/reports/local-PathE.PathF.ModuleL.txt, line count = 20)
          </td>
        </tr>
        <tr>
          <td>
            GenerateSvgCommand
          </td>
          <td>
            293 milliseconds
          </td>
          <td>
            GenerateSvgCommand(input = target/regression-test-elixir/reports/local-PathE.PathF.ModuleL.txt, output = target/regression-test-elixir/reports/local-PathE.PathF.ModuleL.svg)
          </td>
        </tr>
        <tr>
          <td>
            CreateFileCommand
          </td>
          <td>
            0 milliseconds
          </td>
          <td>
            CreateFileCommand(path = target/regression-test-elixir/reports/local-PathE.PathF.ModuleL--template.html, line count = 29)
          </td>
        </tr>
        <tr>
          <td>
            SubstituteFromFileCommand
          </td>
          <td>
            1 millisecond
          </td>
          <td>
            SubstituteFromFileCommand(templateFile = target/regression-test-elixir/reports/local-PathE.PathF.ModuleL--template.html, searchText = '---replace--with--local-PathE.PathF.ModuleL.svg---', replaceFile = target/regression-test-elixir/reports/local-PathE.PathF.ModuleL.svg, destinationFile = target/regression-test-elixir/reports/local-PathE.PathF.ModuleL.html)
          </td>
        </tr>
        <tr>
          <td>
            CreateFileCommand
          </td>
          <td>
            0 milliseconds
          </td>
          <td>
            CreateFileCommand(path = target/regression-test-elixir/reports/local-PathE.PathF.ModuleM.txt, line count = 18)
          </td>
        </tr>
        <tr>
          <td>
            GenerateSvgCommand
          </td>
          <td>
            286 milliseconds
          </td>
          <td>
            GenerateSvgCommand(input = target/regression-test-elixir/reports/local-PathE.PathF.ModuleM.txt, output = target/regression-test-elixir/reports/local-PathE.PathF.ModuleM.svg)
          </td>
        </tr>
        <tr>
          <td>
            CreateFileCommand
          </td>
          <td>
            0 milliseconds
          </td>
          <td>
            CreateFileCommand(path = target/regression-test-elixir/reports/local-PathE.PathF.ModuleM--template.html, line count = 29)
          </td>
        </tr>
        <tr>
          <td>
            SubstituteFromFileCommand
          </td>
          <td>
            1 millisecond
          </td>
          <td>
            SubstituteFromFileCommand(templateFile = target/regression-test-elixir/reports/local-PathE.PathF.ModuleM--template.html, searchText = '---replace--with--local-PathE.PathF.ModuleM.svg---', replaceFile = target/regression-test-elixir/reports/local-PathE.PathF.ModuleM.svg, destinationFile = target/regression-test-elixir/reports/local-PathE.PathF.ModuleM.html)
          </td>
        </tr>
        <tr>
          <td>
            CreateFileCommand
          </td>
          <td>
            0 milliseconds
          </td>
          <td>
            CreateFileCommand(path = target/regression-test-elixir/reports/local-PathE.PathF.ModuleN.txt, line count = 20)
          </td>
        </tr>
        <tr>
          <td>
            GenerateSvgCommand
          </td>
          <td>
            296 milliseconds
          </td>
          <td>
            GenerateSvgCommand(input = target/regression-test-elixir/reports/local-PathE.PathF.ModuleN.txt, output = target/regression-test-elixir/reports/local-PathE.PathF.ModuleN.svg)
          </td>
        </tr>
        <tr>
          <td>
            CreateFileCommand
          </td>
          <td>
            0 milliseconds
          </td>
          <td>
            CreateFileCommand(path = target/regression-test-elixir/reports/local-PathE.PathF.ModuleN--template.html, line count = 29)
          </td>
        </tr>
        <tr>
          <td>
            SubstituteFromFileCommand
          </td>
          <td>
            1 millisecond
          </td>
          <td>
            SubstituteFromFileCommand(templateFile = target/regression-test-elixir/reports/local-PathE.PathF.ModuleN--template.html, searchText = '---replace--with--local-PathE.PathF.ModuleN.svg---', replaceFile = target/regression-test-elixir/reports/local-PathE.PathF.ModuleN.svg, destinationFile = target/regression-test-elixir/reports/local-PathE.PathF.ModuleN.html)
          </td>
        </tr>
        <tr>
          <td>
            CreateFileCommand
          </td>
          <td>
            0 milliseconds
          </td>
          <td>
            CreateFileCommand(path = target/regression-test-elixir/reports/local-PathE.PathF.ModuleO.txt, line count = 13)
          </td>
        </tr>
        <tr>
          <td>
            GenerateSvgCommand
          </td>
          <td>
            283 milliseconds
          </td>
          <td>
            GenerateSvgCommand(input = target/regression-test-elixir/reports/local-PathE.PathF.ModuleO.txt, output = target/regression-test-elixir/reports/local-PathE.PathF.ModuleO.svg)
          </td>
        </tr>
        <tr>
          <td>
            CreateFileCommand
          </td>
          <td>
            0 milliseconds
          </td>
          <td>
            CreateFileCommand(path = target/regression-test-elixir/reports/local-PathE.PathF.ModuleO--template.html, line count = 29)
          </td>
        </tr>
        <tr>
          <td>
            SubstituteFromFileCommand
          </td>
          <td>
            0 milliseconds
          </td>
          <td>
            SubstituteFromFileCommand(templateFile = target/regression-test-elixir/reports/local-PathE.PathF.ModuleO--template.html, searchText = '---replace--with--local-PathE.PathF.ModuleO.svg---', replaceFile = target/regression-test-elixir/reports/local-PathE.PathF.ModuleO.svg, destinationFile = target/regression-test-elixir/reports/local-PathE.PathF.ModuleO.html)
          </td>
        </tr>
        <tr>
          <td>
            CreateFileCommand
          </td>
          <td>
            1 millisecond
          </td>
          <td>
            CreateFileCommand(path = target/regression-test-elixir/reports/local-PathG.ModuleH.txt, line count = 25)
          </td>
        </tr>
        <tr>
          <td>
            GenerateSvgCommand
          </td>
          <td>
            297 milliseconds
          </td>
          <td>
            GenerateSvgCommand(input = target/regression-test-elixir/reports/local-PathG.ModuleH.txt, output = target/regression-test-elixir/reports/local-PathG.ModuleH.svg)
          </td>
        </tr>
        <tr>
          <td>
            CreateFileCommand
          </td>
          <td>
            0 milliseconds
          </td>
          <td>
            CreateFileCommand(path = target/regression-test-elixir/reports/local-PathG.ModuleH--template.html, line count = 29)
          </td>
        </tr>
        <tr>
          <td>
            SubstituteFromFileCommand
          </td>
          <td>
            2 milliseconds
          </td>
          <td>
            SubstituteFromFileCommand(templateFile = target/regression-test-elixir/reports/local-PathG.ModuleH--template.html, searchText = '---replace--with--local-PathG.ModuleH.svg---', replaceFile = target/regression-test-elixir/reports/local-PathG.ModuleH.svg, destinationFile = target/regression-test-elixir/reports/local-PathG.ModuleH.html)
          </td>
        </tr>
        <tr>
          <td>
            CreateFileCommand
          </td>
          <td>
            0 milliseconds
          </td>
          <td>
            CreateFileCommand(path = target/regression-test-elixir/reports/local-PathI.ModuleJ.txt, line count = 17)
          </td>
        </tr>
        <tr>
          <td>
            GenerateSvgCommand
          </td>
          <td>
            321 milliseconds
          </td>
          <td>
            GenerateSvgCommand(input = target/regression-test-elixir/reports/local-PathI.ModuleJ.txt, output = target/regression-test-elixir/reports/local-PathI.ModuleJ.svg)
          </td>
        </tr>
        <tr>
          <td>
            CreateFileCommand
          </td>
          <td>
            0 milliseconds
          </td>
          <td>
            CreateFileCommand(path = target/regression-test-elixir/reports/local-PathI.ModuleJ--template.html, line count = 29)
          </td>
        </tr>
        <tr>
          <td>
            SubstituteFromFileCommand
          </td>
          <td>
            1 millisecond
          </td>
          <td>
            SubstituteFromFileCommand(templateFile = target/regression-test-elixir/reports/local-PathI.ModuleJ--template.html, searchText = '---replace--with--local-PathI.ModuleJ.svg---', replaceFile = target/regression-test-elixir/reports/local-PathI.ModuleJ.svg, destinationFile = target/regression-test-elixir/reports/local-PathI.ModuleJ.html)
          </td>
        </tr>
        <tr>
          <td>
            CreateFileCommand
          </td>
          <td>
            0 milliseconds
          </td>
          <td>
            CreateFileCommand(path = target/regression-test-elixir/reports/local-PathP.ModuleQ.txt, line count = 13)
          </td>
        </tr>
        <tr>
          <td>
            GenerateSvgCommand
          </td>
          <td>
            297 milliseconds
          </td>
          <td>
            GenerateSvgCommand(input = target/regression-test-elixir/reports/local-PathP.ModuleQ.txt, output = target/regression-test-elixir/reports/local-PathP.ModuleQ.svg)
          </td>
        </tr>
        <tr>
          <td>
            CreateFileCommand
          </td>
          <td>
            0 milliseconds
          </td>
          <td>
            CreateFileCommand(path = target/regression-test-elixir/reports/local-PathP.ModuleQ--template.html, line count = 29)
          </td>
        </tr>
        <tr>
          <td>
            SubstituteFromFileCommand
          </td>
          <td>
            1 millisecond
          </td>
          <td>
            SubstituteFromFileCommand(templateFile = target/regression-test-elixir/reports/local-PathP.ModuleQ--template.html, searchText = '---replace--with--local-PathP.ModuleQ.svg---', replaceFile = target/regression-test-elixir/reports/local-PathP.ModuleQ.svg, destinationFile = target/regression-test-elixir/reports/local-PathP.ModuleQ.html)
          </td>
        </tr>
        <tr>
          <td>
            CreateFileCommand
          </td>
          <td>
            0 milliseconds
          </td>
          <td>
            CreateFileCommand(path = target/regression-test-elixir/reports/local-PathR.ModuleS.txt, line count = 13)
          </td>
        </tr>
        <tr>
          <td>
            GenerateSvgCommand
          </td>
          <td>
            295 milliseconds
          </td>
          <td>
            GenerateSvgCommand(input = target/regression-test-elixir/reports/local-PathR.ModuleS.txt, output = target/regression-test-elixir/reports/local-PathR.ModuleS.svg)
          </td>
        </tr>
        <tr>
          <td>
            CreateFileCommand
          </td>
          <td>
            0 milliseconds
          </td>
          <td>
            CreateFileCommand(path = target/regression-test-elixir/reports/local-PathR.ModuleS--template.html, line count = 29)
          </td>
        </tr>
        <tr>
          <td>
            SubstituteFromFileCommand
          </td>
          <td>
            1 millisecond
          </td>
          <td>
            SubstituteFromFileCommand(templateFile = target/regression-test-elixir/reports/local-PathR.ModuleS--template.html, searchText = '---replace--with--local-PathR.ModuleS.svg---', replaceFile = target/regression-test-elixir/reports/local-PathR.ModuleS.svg, destinationFile = target/regression-test-elixir/reports/local-PathR.ModuleS.html)
          </td>
        </tr>
        <tr>
          <td>
            CreateFileCommand
          </td>
          <td>
            0 milliseconds
          </td>
          <td>
            CreateFileCommand(path = target/regression-test-elixir/reports/local-PathT.ModuleU.txt, line count = 11)
          </td>
        </tr>
        <tr>
          <td>
            GenerateSvgCommand
          </td>
          <td>
            252 milliseconds
          </td>
          <td>
            GenerateSvgCommand(input = target/regression-test-elixir/reports/local-PathT.ModuleU.txt, output = target/regression-test-elixir/reports/local-PathT.ModuleU.svg)
          </td>
        </tr>
        <tr>
          <td>
            CreateFileCommand
          </td>
          <td>
            0 milliseconds
          </td>
          <td>
            CreateFileCommand(path = target/regression-test-elixir/reports/local-PathT.ModuleU--template.html, line count = 29)
          </td>
        </tr>
        <tr>
          <td>
            SubstituteFromFileCommand
          </td>
          <td>
            0 milliseconds
          </td>
          <td>
            SubstituteFromFileCommand(templateFile = target/regression-test-elixir/reports/local-PathT.ModuleU--template.html, searchText = '---replace--with--local-PathT.ModuleU.svg---', replaceFile = target/regression-test-elixir/reports/local-PathT.ModuleU.svg, destinationFile = target/regression-test-elixir/reports/local-PathT.ModuleU.html)
          </td>
        </tr>
        <tr>
          <td>
            CreateFileCommand
          </td>
          <td>
            0 milliseconds
          </td>
          <td>
            CreateFileCommand(path = target/regression-test-elixir/reports/graph.txt, line count = 29)
          </td>
        </tr>
        <tr>
          <td>
            GenerateSvgCommand
          </td>
          <td>
            270 milliseconds
          </td>
          <td>
            GenerateSvgCommand(input = target/regression-test-elixir/reports/graph.txt, output = target/regression-test-elixir/reports/graph.svg)
          </td>
        </tr>
        <tr>
          <td>
            CreateFileCommand
          </td>
          <td>
            0 milliseconds
          </td>
          <td>
            CreateFileCommand(path = target/regression-test-elixir/reports/graph--template.html, line count = 24)
          </td>
        </tr>
        <tr>
          <td>
            SubstituteFromFileCommand
          </td>
          <td>
            1 millisecond
          </td>
          <td>
            SubstituteFromFileCommand(templateFile = target/regression-test-elixir/reports/graph--template.html, searchText = '---replace--with--graph.svg---', replaceFile = target/regression-test-elixir/reports/graph.svg, destinationFile = target/regression-test-elixir/reports/graph.html)
          </td>
        </tr>
        <tr>
          <td>
            commands
          </td>
          <td>
            4 seconds 610 milliseconds
          </td>
          <td>
            commands
          </td>
        </tr>
      </tbody>
    </table>
  </body>
</html>
