<html>
  <head>
    <title>
      direct-cycle-1
    </title>
    <link rel="stylesheet" href="reset.css">
    </link>
    <link rel="stylesheet" href="code-structure.css">
    </link>
  </head>
  <body>
    <h1>
      direct-cycle-1
    </h1>
    <p>
      <a href="index.html">
        Table Of Contents
      </a>
    </p>
    <p>
      <a href="direct-cycles.html">
        Direct Cycles
      </a>
    </p>
    <div>
      <?xml version="1.0" encoding="UTF-8" standalone="no"?>
<!DOCTYPE svg PUBLIC "-//W3C//DTD SVG 1.1//EN"
 "http://www.w3.org/Graphics/SVG/1.1/DTD/svg11.dtd">
<!-- Generated by graphviz version 12.1.2 (20240928.0832)
 -->
<!-- Title: detangled Pages: 1 -->
<svg width="205pt" height="188pt"
 viewBox="0.00 0.00 205.21 188.00" xmlns="http://www.w3.org/2000/svg" xmlns:xlink="http://www.w3.org/1999/xlink">
<g id="graph0" class="graph" transform="scale(1 1) rotate(0) translate(4 184)">
<title>detangled</title>
<polygon fill="lightgray" stroke="none" points="-4,4 -4,-184 201.21,-184 201.21,4 -4,4"/>
<!-- packagei.ClassJ -->
<g id="node1" class="node">
<title>packagei.ClassJ</title>
<g id="a_node1"><a xlink:href="local-packagei-ClassJ.html" xlink:title="packagei.ClassJ">
<ellipse fill="none" stroke="black" cx="125.89" cy="-162" rx="69.78" ry="18"/>
<text text-anchor="middle" x="125.89" y="-156.95" font-family="Times,serif" font-size="14.00" fill="blue">packagei.ClassJ</text>
</a>
</g>
</g>
<!-- packagep.ClassQ -->
<g id="node2" class="node">
<title>packagep.ClassQ</title>
<g id="a_node2"><a xlink:href="local-packagep-ClassQ.html" xlink:title="packagep.ClassQ">
<ellipse fill="none" stroke="black" cx="74.89" cy="-90" rx="74.89" ry="18"/>
<text text-anchor="middle" x="74.89" y="-84.95" font-family="Times,serif" font-size="14.00" fill="blue">packagep.ClassQ</text>
</a>
</g>
</g>
<!-- packagei.ClassJ&#45;&gt;packagep.ClassQ -->
<g id="edge1" class="edge">
<title>packagei.ClassJ&#45;&gt;packagep.ClassQ</title>
<path fill="none" stroke="black" d="M113.55,-144.05C107.6,-135.89 100.33,-125.91 93.71,-116.82"/>
<polygon fill="black" stroke="black" points="96.74,-115.03 88.02,-109.01 91.08,-119.16 96.74,-115.03"/>
</g>
<!-- packager.ClassS -->
<g id="node3" class="node">
<title>packager.ClassS</title>
<g id="a_node3"><a xlink:href="local-packager-ClassS.html" xlink:title="packager.ClassS">
<ellipse fill="none" stroke="black" cx="125.89" cy="-18" rx="71.31" ry="18"/>
<text text-anchor="middle" x="125.89" y="-12.95" font-family="Times,serif" font-size="14.00" fill="blue">packager.ClassS</text>
</a>
</g>
</g>
<!-- packagep.ClassQ&#45;&gt;packager.ClassS -->
<g id="edge2" class="edge">
<title>packagep.ClassQ&#45;&gt;packager.ClassS</title>
<path fill="none" stroke="black" d="M87.24,-72.05C93.19,-63.89 100.46,-53.91 107.08,-44.82"/>
<polygon fill="black" stroke="black" points="109.71,-47.16 112.77,-37.01 104.05,-43.03 109.71,-47.16"/>
</g>
<!-- packager.ClassS&#45;&gt;packagei.ClassJ -->
<g id="edge3" class="edge">
<title>packager.ClassS&#45;&gt;packagei.ClassJ</title>
<path fill="none" stroke="black" d="M139.88,-35.96C147.09,-45.82 155.14,-58.87 158.89,-72 163.29,-87.38 163.29,-92.62 158.89,-108 156.23,-117.34 151.38,-126.63 146.22,-134.76"/>
<polygon fill="black" stroke="black" points="143.48,-132.56 140.73,-142.79 149.26,-136.51 143.48,-132.56"/>
</g>
</g>
</svg>

    </div>
  </body>
</html>
