digraph detangled {
  bgcolor=lightgray
  "packagec" [fontcolor="blue" URL="group-packagec.html" label="packagec"]
  "packagee" [fontcolor="blue" URL="group-packagee.html" label="packagee"]
  "packageg" [fontcolor="blue" URL="group-packageg.html" label="packageg"]
  "packagec" -> "packagee"
  "packagee" -> "packageg"
  "packageg" -> "packagec"
}
