<html>
  <head>
    <title>
      group-cycle-0
    </title>
    <link rel="stylesheet" href="reset.css">
    </link>
    <link rel="stylesheet" href="code-structure.css">
    </link>
  </head>
  <body>
    <h1>
      group-cycle-0
    </h1>
    <p>
      <a href="index.html">
        Table Of Contents
      </a>
    </p>
    <p>
      <a href="in-group-cycle.html">
        In Group Cycle
      </a>
    </p>
    <div>
      <?xml version="1.0" encoding="UTF-8" standalone="no"?>
<!DOCTYPE svg PUBLIC "-//W3C//DTD SVG 1.1//EN"
 "http://www.w3.org/Graphics/SVG/1.1/DTD/svg11.dtd">
<!-- Generated by graphviz version 12.1.2 (20240928.0832)
 -->
<!-- Title: detangled Pages: 1 -->
<svg width="135pt" height="188pt"
 viewBox="0.00 0.00 134.93 188.00" xmlns="http://www.w3.org/2000/svg" xmlns:xlink="http://www.w3.org/1999/xlink">
<g id="graph0" class="graph" transform="scale(1 1) rotate(0) translate(4 184)">
<title>detangled</title>
<polygon fill="lightgray" stroke="none" points="-4,4 -4,-184 130.93,-184 130.93,4 -4,4"/>
<!-- packagec -->
<g id="node1" class="node">
<title>packagec</title>
<ellipse fill="none" stroke="black" cx="81.21" cy="-162" rx="45.21" ry="18"/>
<text text-anchor="middle" x="81.21" y="-156.95" font-family="Times,serif" font-size="14.00">packagec</text>
</g>
<!-- packagee -->
<g id="node2" class="node">
<title>packagee</title>
<ellipse fill="none" stroke="black" cx="45.21" cy="-90" rx="45.21" ry="18"/>
<text text-anchor="middle" x="45.21" y="-84.95" font-family="Times,serif" font-size="14.00">packagee</text>
</g>
<!-- packagec&#45;&gt;packagee -->
<g id="edge1" class="edge">
<title>packagec&#45;&gt;packagee</title>
<path fill="none" stroke="black" d="M72.5,-144.05C68.47,-136.23 63.59,-126.75 59.08,-117.98"/>
<polygon fill="black" stroke="black" points="62.22,-116.43 54.54,-109.13 56,-119.63 62.22,-116.43"/>
</g>
<!-- packageg -->
<g id="node3" class="node">
<title>packageg</title>
<ellipse fill="none" stroke="black" cx="81.21" cy="-18" rx="45.72" ry="18"/>
<text text-anchor="middle" x="81.21" y="-12.95" font-family="Times,serif" font-size="14.00">packageg</text>
</g>
<!-- packagee&#45;&gt;packageg -->
<g id="edge2" class="edge">
<title>packagee&#45;&gt;packageg</title>
<path fill="none" stroke="black" d="M53.92,-72.05C57.95,-64.23 62.82,-54.75 67.34,-45.98"/>
<polygon fill="black" stroke="black" points="70.42,-47.63 71.88,-37.13 64.2,-44.43 70.42,-47.63"/>
</g>
<!-- packageg&#45;&gt;packagec -->
<g id="edge3" class="edge">
<title>packageg&#45;&gt;packagec</title>
<path fill="none" stroke="black" d="M88.5,-35.82C92.54,-46.06 97.15,-59.54 99.21,-72 101.82,-87.79 101.82,-92.21 99.21,-108 97.81,-116.47 95.23,-125.41 92.46,-133.48"/>
<polygon fill="black" stroke="black" points="89.21,-132.17 89.03,-142.76 95.78,-134.59 89.21,-132.17"/>
</g>
</g>
</svg>

    </div>
  </body>
</html>
