<html>
  <head>
    <title>
      group-packagec
    </title>
    <link rel="stylesheet" href="reset.css">
    </link>
    <link rel="stylesheet" href="code-structure.css">
    </link>
  </head>
  <body>
    <h1>
      group-packagec
    </h1>
    <p>
      <a href="index.html">
        Table Of Contents
      </a>
    </p>
    <p>
      <a href="group.html">
        Group
      </a>
    </p>
    <div>
      ---replace--with--group-packagec.svg---
    </div>
    <p>
      dependency reasons count: 0
    </p>
    <table>
      <thead>
        <tr>
          <th>
            dependency
          </th>
          <th>
            reason
          </th>
        </tr>
      </thead>
      <tbody>
      </tbody>
    </table>
  </body>
</html>
