<html>
  <head>
    <title>
      local-packagee-packagef-ClassM
    </title>
    <link rel="stylesheet" href="reset.css">
    </link>
    <link rel="stylesheet" href="code-structure.css">
    </link>
  </head>
  <body>
    <h1>
      local-packagee-packagef-ClassM
    </h1>
    <p>
      <a href="index.html">
        Table Of Contents
      </a>
    </p>
    <p>
      <a href="group.html">
        Group
      </a>
    </p>
    <p>
      <a href="group-packagee.html">
        Group packagee
      </a>
    </p>
    <p>
      <a href="group-packagee-packagef.html">
        Group packagee.packagef
      </a>
    </p>
    <p>
      <a href="code-units.html">
        Code Units
      </a>
    </p>
    <p>
      <a href="https://github.com/SeanShubin/code-structure-sample-kotlin/blob/master/domain/src/main/kotlin/com/seanshubin/code/structure/sample/kotlin/domain/packagee/packagef/ClassM.kt">
        Source
      </a>
    </p>
    <div>
      <?xml version="1.0" encoding="UTF-8" standalone="no"?>
<!DOCTYPE svg PUBLIC "-//W3C//DTD SVG 1.1//EN"
 "http://www.w3.org/Graphics/SVG/1.1/DTD/svg11.dtd">
<!-- Generated by graphviz version 12.1.2 (20240928.0832)
 -->
<!-- Title: detangled Pages: 1 -->
<svg width="651pt" height="332pt"
 viewBox="0.00 0.00 651.41 332.00" xmlns="http://www.w3.org/2000/svg" xmlns:xlink="http://www.w3.org/1999/xlink">
<g id="graph0" class="graph" transform="scale(1 1) rotate(0) translate(4 328)">
<title>detangled</title>
<polygon fill="lightgray" stroke="none" points="-4,4 -4,-328 647.41,-328 647.41,4 -4,4"/>
<!-- ClassE -->
<g id="node1" class="node">
<title>ClassE</title>
<g id="a_node1"><a xlink:href="local-ClassE.html" xlink:title="ClassE">
<ellipse fill="none" stroke="black" cx="145.91" cy="-234" rx="36.51" ry="18"/>
<text text-anchor="middle" x="145.91" y="-228.95" font-family="Times,serif" font-size="14.00" fill="blue">ClassE</text>
</a>
</g>
</g>
<!-- packagec.ClassD -->
<g id="node2" class="node">
<title>packagec.ClassD</title>
<g id="a_node2"><a xlink:href="local-packagec-ClassD.html" xlink:title="↻ packagec.ClassD ↻ (5)">
<ellipse fill="none" stroke="black" cx="296.91" cy="-90" rx="106.98" ry="18"/>
<text text-anchor="middle" x="296.91" y="-85.33" font-family="Times,serif" font-size="14.00" fill="blue">↻ packagec.ClassD ↻ (5)</text>
</a>
</g>
</g>
<!-- packagee.packagef.ClassL -->
<g id="node4" class="node">
<title>packagee.packagef.ClassL</title>
<g id="a_node4"><a xlink:href="local-packagee-packagef-ClassL.html" xlink:title="↻ packagee.packagef.ClassL ↻ (5)">
<ellipse fill="none" stroke="black" cx="228.91" cy="-18" rx="142.23" ry="18"/>
<text text-anchor="middle" x="228.91" y="-13.32" font-family="Times,serif" font-size="14.00" fill="blue">↻ packagee.packagef.ClassL ↻ (5)</text>
</a>
</g>
</g>
<!-- packagec.ClassD&#45;&gt;packagee.packagef.ClassL -->
<g id="edge1" class="edge">
<title>packagec.ClassD&#45;&gt;packagee.packagef.ClassL</title>
<path fill="none" stroke="black" d="M280.45,-72.05C272.38,-63.75 262.5,-53.58 253.56,-44.38"/>
<polygon fill="black" stroke="black" points="256.22,-42.09 246.74,-37.36 251.2,-46.97 256.22,-42.09"/>
</g>
<!-- packagee.packagef.ClassK -->
<g id="node3" class="node">
<title>packagee.packagef.ClassK</title>
<g id="a_node3"><a xlink:href="local-packagee-packagef-ClassK.html" xlink:title="packagee.packagef.ClassK">
<ellipse fill="none" stroke="black" cx="531.91" cy="-90" rx="110.21" ry="18"/>
<text text-anchor="middle" x="531.91" y="-84.95" font-family="Times,serif" font-size="14.00" fill="blue">packagee.packagef.ClassK</text>
</a>
</g>
</g>
<!-- packagee.packagef.ClassK&#45;&gt;packagee.packagef.ClassL -->
<g id="edge2" class="edge">
<title>packagee.packagef.ClassK&#45;&gt;packagee.packagef.ClassL</title>
<path fill="none" stroke="black" d="M470.23,-74.75C422.83,-63.8 357.08,-48.61 306.18,-36.85"/>
<polygon fill="black" stroke="black" points="307.24,-33.5 296.71,-34.66 305.66,-40.32 307.24,-33.5"/>
</g>
<!-- packagee.packagef.ClassM -->
<g id="node5" class="node">
<title>packagee.packagef.ClassM</title>
<g id="a_node5"><a xlink:href="local-packagee-packagef-ClassM.html" xlink:title="↻ packagee.packagef.ClassM ↻ (5)">
<ellipse fill="none" stroke="black" stroke-width="2" cx="145.91" cy="-306" rx="145.91" ry="18"/>
<text text-anchor="middle" x="145.91" y="-301.32" font-family="Times,serif" font-size="14.00" fill="blue">↻ packagee.packagef.ClassM ↻ (5)</text>
</a>
</g>
</g>
<!-- packagee.packagef.ClassL&#45;&gt;packagee.packagef.ClassM -->
<g id="edge3" class="edge">
<title>packagee.packagef.ClassL&#45;&gt;packagee.packagef.ClassM</title>
<path fill="none" stroke="black" d="M202.67,-35.99C189.71,-45.39 174.6,-58 163.91,-72 121.38,-127.65 114.45,-147.49 99.91,-216 96.59,-231.65 94.31,-237.01 99.91,-252 103.73,-262.23 110.51,-271.79 117.71,-279.89"/>
<polygon fill="black" stroke="black" points="115.07,-282.2 124.52,-286.99 120.12,-277.35 115.07,-282.2"/>
</g>
<!-- packagee.packagef.ClassM&#45;&gt;ClassE -->
<g id="edge4" class="edge">
<title>packagee.packagef.ClassM&#45;&gt;ClassE</title>
<path fill="none" stroke="black" d="M145.91,-287.7C145.91,-280.41 145.91,-271.73 145.91,-263.54"/>
<polygon fill="black" stroke="black" points="149.41,-263.62 145.91,-253.62 142.41,-263.62 149.41,-263.62"/>
</g>
<!-- packagee.packagef.ClassN -->
<g id="node6" class="node">
<title>packagee.packagef.ClassN</title>
<g id="a_node6"><a xlink:href="local-packagee-packagef-ClassN.html" xlink:title="↻ packagee.packagef.ClassN ↻ (5)">
<ellipse fill="none" stroke="black" cx="343.91" cy="-234" rx="143.8" ry="18"/>
<text text-anchor="middle" x="343.91" y="-229.32" font-family="Times,serif" font-size="14.00" fill="blue">↻ packagee.packagef.ClassN ↻ (5)</text>
</a>
</g>
</g>
<!-- packagee.packagef.ClassM&#45;&gt;packagee.packagef.ClassN -->
<g id="edge5" class="edge">
<title>packagee.packagef.ClassM&#45;&gt;packagee.packagef.ClassN</title>
<path fill="none" stroke="black" d="M192.58,-288.5C220.79,-278.53 256.94,-265.74 286.84,-255.17"/>
<polygon fill="black" stroke="black" points="287.86,-258.53 296.12,-251.89 285.53,-251.93 287.86,-258.53"/>
</g>
<!-- packagee.packagef.ClassN&#45;&gt;packagee.packagef.ClassL -->
<g id="edge6" class="edge">
<title>packagee.packagef.ClassN&#45;&gt;packagee.packagef.ClassL</title>
<path fill="none" stroke="black" d="M242.36,-220.9C218.47,-213.03 195.69,-200.34 180.91,-180 152.7,-141.16 163.64,-116.79 180.91,-72 184.84,-61.79 191.76,-52.33 199.13,-44.31"/>
<polygon fill="black" stroke="black" points="201.56,-46.84 206.13,-37.29 196.59,-41.9 201.56,-46.84"/>
</g>
<!-- packagee.packagef.ClassO -->
<g id="node7" class="node">
<title>packagee.packagef.ClassO</title>
<g id="a_node7"><a xlink:href="local-packagee-packagef-ClassO.html" xlink:title="packagee.packagef.ClassO">
<ellipse fill="none" stroke="black" cx="299.91" cy="-162" rx="110.21" ry="18"/>
<text text-anchor="middle" x="299.91" y="-156.95" font-family="Times,serif" font-size="14.00" fill="blue">packagee.packagef.ClassO</text>
</a>
</g>
</g>
<!-- packagee.packagef.ClassN&#45;&gt;packagee.packagef.ClassO -->
<g id="edge7" class="edge">
<title>packagee.packagef.ClassN&#45;&gt;packagee.packagef.ClassO</title>
<path fill="none" stroke="black" d="M333.03,-215.7C328.13,-207.9 322.23,-198.51 316.77,-189.83"/>
<polygon fill="black" stroke="black" points="319.75,-187.99 311.46,-181.39 313.82,-191.71 319.75,-187.99"/>
</g>
<!-- packageg.ClassH -->
<g id="node8" class="node">
<title>packageg.ClassH</title>
<g id="a_node8"><a xlink:href="local-packageg-ClassH.html" xlink:title="↻ packageg.ClassH ↻ (5)">
<ellipse fill="none" stroke="black" cx="535.91" cy="-162" rx="107.5" ry="18"/>
<text text-anchor="middle" x="535.91" y="-157.32" font-family="Times,serif" font-size="14.00" fill="blue">↻ packageg.ClassH ↻ (5)</text>
</a>
</g>
</g>
<!-- packagee.packagef.ClassN&#45;&gt;packageg.ClassH -->
<g id="edge8" class="edge">
<title>packagee.packagef.ClassN&#45;&gt;packageg.ClassH</title>
<path fill="none" stroke="black" d="M388.92,-216.59C416.76,-206.44 452.66,-193.35 482.01,-182.65"/>
<polygon fill="black" stroke="black" points="482.88,-186.06 491.07,-179.35 480.48,-179.48 482.88,-186.06"/>
</g>
<!-- packageg.ClassH&#45;&gt;packagec.ClassD -->
<g id="edge9" class="edge">
<title>packageg.ClassH&#45;&gt;packagec.ClassD</title>
<path fill="none" stroke="black" d="M484.05,-145.81C447.41,-135.08 398.11,-120.64 359.31,-109.28"/>
<polygon fill="black" stroke="black" points="360.7,-106.04 350.12,-106.58 358.73,-112.75 360.7,-106.04"/>
</g>
</g>
</svg>

    </div>
  </body>
</html>
